  imgui.cpp
  imgui_demo.cpp
  imgui_draw.cpp
  imgui_impl_glfw.cpp
  imgui_impl_opengl3.cpp
  imgui_tables.cpp
  imgui_widgets.cpp
  Application.cpp
C:\Users\Joss\source\repos\RoboticArm_MathModelling\SimulatorOpenGL\Libraries\include\glad\glad.h(484,9): warning C4005: 'GL_SRC1_ALPHA': macro redefinition
  (compiling source file 'Source/Application.cpp')
      C:\Users\Joss\source\repos\RoboticArm_MathModelling\SimulatorOpenGL\Libraries\include\GL\glew.h(1638,9):
      see previous definition of 'GL_SRC1_ALPHA'
  
C:\Users\Joss\source\repos\RoboticArm_MathModelling\SimulatorOpenGL\Libraries\include\glad\glad.h(485,9): warning C4005: 'GL_BLEND_EQUATION_RGB': macro redefinition
  (compiling source file 'Source/Application.cpp')
      C:\Users\Joss\source\repos\RoboticArm_MathModelling\SimulatorOpenGL\Libraries\include\GL\glew.h(1731,9):
      see previous definition of 'GL_BLEND_EQUATION_RGB'
  
C:\Users\Joss\source\repos\RoboticArm_MathModelling\SimulatorOpenGL\Libraries\include\glad\glad.h(581,9): warning C4005: 'GL_COMPARE_REF_TO_TEXTURE': macro redefinition
  (compiling source file 'Source/Application.cpp')
      C:\Users\Joss\source\repos\RoboticArm_MathModelling\SimulatorOpenGL\Libraries\include\GL\glew.h(2066,9):
      see previous definition of 'GL_COMPARE_REF_TO_TEXTURE'
  
C:\Users\Joss\source\repos\RoboticArm_MathModelling\SimulatorOpenGL\Libraries\include\glad\glad.h(582,9): warning C4005: 'GL_CLIP_DISTANCE0': macro redefinition
  (compiling source file 'Source/Application.cpp')
      C:\Users\Joss\source\repos\RoboticArm_MathModelling\SimulatorOpenGL\Libraries\include\GL\glew.h(2060,9):
      see previous definition of 'GL_CLIP_DISTANCE0'
  
C:\Users\Joss\source\repos\RoboticArm_MathModelling\SimulatorOpenGL\Libraries\include\glad\glad.h(583,9): warning C4005: 'GL_CLIP_DISTANCE1': macro redefinition
  (compiling source file 'Source/Application.cpp')
      C:\Users\Joss\source\repos\RoboticArm_MathModelling\SimulatorOpenGL\Libraries\include\GL\glew.h(2061,9):
      see previous definition of 'GL_CLIP_DISTANCE1'
  
C:\Users\Joss\source\repos\RoboticArm_MathModelling\SimulatorOpenGL\Libraries\include\glad\glad.h(584,9): warning C4005: 'GL_CLIP_DISTANCE2': macro redefinition
  (compiling source file 'Source/Application.cpp')
      C:\Users\Joss\source\repos\RoboticArm_MathModelling\SimulatorOpenGL\Libraries\include\GL\glew.h(2062,9):
      see previous definition of 'GL_CLIP_DISTANCE2'
  
C:\Users\Joss\source\repos\RoboticArm_MathModelling\SimulatorOpenGL\Libraries\include\glad\glad.h(585,9): warning C4005: 'GL_CLIP_DISTANCE3': macro redefinition
  (compiling source file 'Source/Application.cpp')
      C:\Users\Joss\source\repos\RoboticArm_MathModelling\SimulatorOpenGL\Libraries\include\GL\glew.h(2063,9):
      see previous definition of 'GL_CLIP_DISTANCE3'
  
C:\Users\Joss\source\repos\RoboticArm_MathModelling\SimulatorOpenGL\Libraries\include\glad\glad.h(586,9): warning C4005: 'GL_CLIP_DISTANCE4': macro redefinition
  (compiling source file 'Source/Application.cpp')
      C:\Users\Joss\source\repos\RoboticArm_MathModelling\SimulatorOpenGL\Libraries\include\GL\glew.h(2064,9):
      see previous definition of 'GL_CLIP_DISTANCE4'
  
C:\Users\Joss\source\repos\RoboticArm_MathModelling\SimulatorOpenGL\Libraries\include\glad\glad.h(587,9): warning C4005: 'GL_CLIP_DISTANCE5': macro redefinition
  (compiling source file 'Source/Application.cpp')
      C:\Users\Joss\source\repos\RoboticArm_MathModelling\SimulatorOpenGL\Libraries\include\GL\glew.h(2065,9):
      see previous definition of 'GL_CLIP_DISTANCE5'
  
C:\Users\Joss\source\repos\RoboticArm_MathModelling\SimulatorOpenGL\Libraries\include\glad\glad.h(590,9): warning C4005: 'GL_MAX_CLIP_DISTANCES': macro redefinition
  (compiling source file 'Source/Application.cpp')
      C:\Users\Joss\source\repos\RoboticArm_MathModelling\SimulatorOpenGL\Libraries\include\GL\glew.h(2067,9):
      see previous definition of 'GL_MAX_CLIP_DISTANCES'
  
C:\Users\Joss\source\repos\RoboticArm_MathModelling\SimulatorOpenGL\Libraries\include\glad\glad.h(597,9): warning C4005: 'GL_CONTEXT_FLAG_FORWARD_COMPATIBLE_BIT': macro redefinition
  (compiling source file 'Source/Application.cpp')
      C:\Users\Joss\source\repos\RoboticArm_MathModelling\SimulatorOpenGL\Libraries\include\GL\glew.h(2069,9):
      see previous definition of 'GL_CONTEXT_FLAG_FORWARD_COMPATIBLE_BIT'
  
C:\Users\Joss\source\repos\RoboticArm_MathModelling\SimulatorOpenGL\Libraries\include\glad\glad.h(608,9): warning C4005: 'GL_MAX_VARYING_COMPONENTS': macro redefinition
  (compiling source file 'Source/Application.cpp')
      C:\Users\Joss\source\repos\RoboticArm_MathModelling\SimulatorOpenGL\Libraries\include\GL\glew.h(2068,9):
      see previous definition of 'GL_MAX_VARYING_COMPONENTS'
  
C:\Users\Joss\source\repos\RoboticArm_MathModelling\SimulatorOpenGL\Libraries\include\glad\glad.h(872,9): warning C4005: 'GL_INVALID_INDEX': macro redefinition
  (compiling source file 'Source/Application.cpp')
      C:\Users\Joss\source\repos\RoboticArm_MathModelling\SimulatorOpenGL\Libraries\include\GL\glew.h(7734,9):
      see previous definition of 'GL_INVALID_INDEX'
  
C:\Users\Joss\source\repos\RoboticArm_MathModelling\SimulatorOpenGL\Libraries\include\glad\glad.h(914,9): warning C4005: 'GL_TIMEOUT_IGNORED': macro redefinition
  (compiling source file 'Source/Application.cpp')
      C:\Users\Joss\source\repos\RoboticArm_MathModelling\SimulatorOpenGL\Libraries\include\GL\glew.h(6965,9):
      see previous definition of 'GL_TIMEOUT_IGNORED'
  
C:\Users\Joss\source\repos\RoboticArm_MathModelling\SimulatorOpenGL\Source\Elements\Camera.h(66,22): warning C4244: 'argument': conversion from 'double' to 'float', possible loss of data
  (compiling source file 'Source/Application.cpp')
  
C:\Users\Joss\source\repos\RoboticArm_MathModelling\SimulatorOpenGL\Source\Elements\Mesh.h(43,21): warning C4305: 'initializing': truncation from 'double' to 'float'
  (compiling source file 'Source/Application.cpp')
  
C:\Users\Joss\source\repos\RoboticArm_MathModelling\SimulatorOpenGL\Source\Elements\Object.h(26,56): warning C4244: '+=': conversion from 'double' to 'float', possible loss of data
  (compiling source file 'Source/Application.cpp')
  
  Mesh.cpp
C:\Users\Joss\source\repos\RoboticArm_MathModelling\SimulatorOpenGL\Libraries\include\glad\glad.h(484,9): warning C4005: 'GL_SRC1_ALPHA': macro redefinition
  (compiling source file 'Source/Elements/Mesh.cpp')
      C:\Users\Joss\source\repos\RoboticArm_MathModelling\SimulatorOpenGL\Libraries\include\GL\glew.h(1638,9):
      see previous definition of 'GL_SRC1_ALPHA'
  
C:\Users\Joss\source\repos\RoboticArm_MathModelling\SimulatorOpenGL\Libraries\include\glad\glad.h(485,9): warning C4005: 'GL_BLEND_EQUATION_RGB': macro redefinition
  (compiling source file 'Source/Elements/Mesh.cpp')
      C:\Users\Joss\source\repos\RoboticArm_MathModelling\SimulatorOpenGL\Libraries\include\GL\glew.h(1731,9):
      see previous definition of 'GL_BLEND_EQUATION_RGB'
  
C:\Users\Joss\source\repos\RoboticArm_MathModelling\SimulatorOpenGL\Libraries\include\glad\glad.h(581,9): warning C4005: 'GL_COMPARE_REF_TO_TEXTURE': macro redefinition
  (compiling source file 'Source/Elements/Mesh.cpp')
      C:\Users\Joss\source\repos\RoboticArm_MathModelling\SimulatorOpenGL\Libraries\include\GL\glew.h(2066,9):
      see previous definition of 'GL_COMPARE_REF_TO_TEXTURE'
  
C:\Users\Joss\source\repos\RoboticArm_MathModelling\SimulatorOpenGL\Libraries\include\glad\glad.h(582,9): warning C4005: 'GL_CLIP_DISTANCE0': macro redefinition
  (compiling source file 'Source/Elements/Mesh.cpp')
      C:\Users\Joss\source\repos\RoboticArm_MathModelling\SimulatorOpenGL\Libraries\include\GL\glew.h(2060,9):
      see previous definition of 'GL_CLIP_DISTANCE0'
  
C:\Users\Joss\source\repos\RoboticArm_MathModelling\SimulatorOpenGL\Libraries\include\glad\glad.h(583,9): warning C4005: 'GL_CLIP_DISTANCE1': macro redefinition
  (compiling source file 'Source/Elements/Mesh.cpp')
      C:\Users\Joss\source\repos\RoboticArm_MathModelling\SimulatorOpenGL\Libraries\include\GL\glew.h(2061,9):
      see previous definition of 'GL_CLIP_DISTANCE1'
  
C:\Users\Joss\source\repos\RoboticArm_MathModelling\SimulatorOpenGL\Libraries\include\glad\glad.h(584,9): warning C4005: 'GL_CLIP_DISTANCE2': macro redefinition
  (compiling source file 'Source/Elements/Mesh.cpp')
      C:\Users\Joss\source\repos\RoboticArm_MathModelling\SimulatorOpenGL\Libraries\include\GL\glew.h(2062,9):
      see previous definition of 'GL_CLIP_DISTANCE2'
  
C:\Users\Joss\source\repos\RoboticArm_MathModelling\SimulatorOpenGL\Libraries\include\glad\glad.h(585,9): warning C4005: 'GL_CLIP_DISTANCE3': macro redefinition
  (compiling source file 'Source/Elements/Mesh.cpp')
      C:\Users\Joss\source\repos\RoboticArm_MathModelling\SimulatorOpenGL\Libraries\include\GL\glew.h(2063,9):
      see previous definition of 'GL_CLIP_DISTANCE3'
  
C:\Users\Joss\source\repos\RoboticArm_MathModelling\SimulatorOpenGL\Libraries\include\glad\glad.h(586,9): warning C4005: 'GL_CLIP_DISTANCE4': macro redefinition
  (compiling source file 'Source/Elements/Mesh.cpp')
      C:\Users\Joss\source\repos\RoboticArm_MathModelling\SimulatorOpenGL\Libraries\include\GL\glew.h(2064,9):
      see previous definition of 'GL_CLIP_DISTANCE4'
  
C:\Users\Joss\source\repos\RoboticArm_MathModelling\SimulatorOpenGL\Libraries\include\glad\glad.h(587,9): warning C4005: 'GL_CLIP_DISTANCE5': macro redefinition
  (compiling source file 'Source/Elements/Mesh.cpp')
      C:\Users\Joss\source\repos\RoboticArm_MathModelling\SimulatorOpenGL\Libraries\include\GL\glew.h(2065,9):
      see previous definition of 'GL_CLIP_DISTANCE5'
  
C:\Users\Joss\source\repos\RoboticArm_MathModelling\SimulatorOpenGL\Libraries\include\glad\glad.h(590,9): warning C4005: 'GL_MAX_CLIP_DISTANCES': macro redefinition
  (compiling source file 'Source/Elements/Mesh.cpp')
      C:\Users\Joss\source\repos\RoboticArm_MathModelling\SimulatorOpenGL\Libraries\include\GL\glew.h(2067,9):
      see previous definition of 'GL_MAX_CLIP_DISTANCES'
  
C:\Users\Joss\source\repos\RoboticArm_MathModelling\SimulatorOpenGL\Libraries\include\glad\glad.h(597,9): warning C4005: 'GL_CONTEXT_FLAG_FORWARD_COMPATIBLE_BIT': macro redefinition
  (compiling source file 'Source/Elements/Mesh.cpp')
      C:\Users\Joss\source\repos\RoboticArm_MathModelling\SimulatorOpenGL\Libraries\include\GL\glew.h(2069,9):
      see previous definition of 'GL_CONTEXT_FLAG_FORWARD_COMPATIBLE_BIT'
  
C:\Users\Joss\source\repos\RoboticArm_MathModelling\SimulatorOpenGL\Libraries\include\glad\glad.h(608,9): warning C4005: 'GL_MAX_VARYING_COMPONENTS': macro redefinition
  (compiling source file 'Source/Elements/Mesh.cpp')
      C:\Users\Joss\source\repos\RoboticArm_MathModelling\SimulatorOpenGL\Libraries\include\GL\glew.h(2068,9):
      see previous definition of 'GL_MAX_VARYING_COMPONENTS'
  
C:\Users\Joss\source\repos\RoboticArm_MathModelling\SimulatorOpenGL\Libraries\include\glad\glad.h(872,9): warning C4005: 'GL_INVALID_INDEX': macro redefinition
  (compiling source file 'Source/Elements/Mesh.cpp')
      C:\Users\Joss\source\repos\RoboticArm_MathModelling\SimulatorOpenGL\Libraries\include\GL\glew.h(7734,9):
      see previous definition of 'GL_INVALID_INDEX'
  
C:\Users\Joss\source\repos\RoboticArm_MathModelling\SimulatorOpenGL\Libraries\include\glad\glad.h(914,9): warning C4005: 'GL_TIMEOUT_IGNORED': macro redefinition
  (compiling source file 'Source/Elements/Mesh.cpp')
      C:\Users\Joss\source\repos\RoboticArm_MathModelling\SimulatorOpenGL\Libraries\include\GL\glew.h(6965,9):
      see previous definition of 'GL_TIMEOUT_IGNORED'
  
C:\Users\Joss\source\repos\RoboticArm_MathModelling\SimulatorOpenGL\Source\Elements\Mesh.h(43,21): warning C4305: 'initializing': truncation from 'double' to 'float'
  (compiling source file 'Source/Elements/Mesh.cpp')
  
  importObj.cpp
C:\Users\Joss\source\repos\RoboticArm_MathModelling\SimulatorOpenGL\Libraries\include\glad\glad.h(484,9): warning C4005: 'GL_SRC1_ALPHA': macro redefinition
  (compiling source file 'Source/Imports/importObj.cpp')
      C:\Users\Joss\source\repos\RoboticArm_MathModelling\SimulatorOpenGL\Libraries\include\GL\glew.h(1638,9):
      see previous definition of 'GL_SRC1_ALPHA'
  
C:\Users\Joss\source\repos\RoboticArm_MathModelling\SimulatorOpenGL\Libraries\include\glad\glad.h(485,9): warning C4005: 'GL_BLEND_EQUATION_RGB': macro redefinition
  (compiling source file 'Source/Imports/importObj.cpp')
      C:\Users\Joss\source\repos\RoboticArm_MathModelling\SimulatorOpenGL\Libraries\include\GL\glew.h(1731,9):
      see previous definition of 'GL_BLEND_EQUATION_RGB'
  
C:\Users\Joss\source\repos\RoboticArm_MathModelling\SimulatorOpenGL\Libraries\include\glad\glad.h(581,9): warning C4005: 'GL_COMPARE_REF_TO_TEXTURE': macro redefinition
  (compiling source file 'Source/Imports/importObj.cpp')
      C:\Users\Joss\source\repos\RoboticArm_MathModelling\SimulatorOpenGL\Libraries\include\GL\glew.h(2066,9):
      see previous definition of 'GL_COMPARE_REF_TO_TEXTURE'
  
C:\Users\Joss\source\repos\RoboticArm_MathModelling\SimulatorOpenGL\Libraries\include\glad\glad.h(582,9): warning C4005: 'GL_CLIP_DISTANCE0': macro redefinition
  (compiling source file 'Source/Imports/importObj.cpp')
      C:\Users\Joss\source\repos\RoboticArm_MathModelling\SimulatorOpenGL\Libraries\include\GL\glew.h(2060,9):
      see previous definition of 'GL_CLIP_DISTANCE0'
  
C:\Users\Joss\source\repos\RoboticArm_MathModelling\SimulatorOpenGL\Libraries\include\glad\glad.h(583,9): warning C4005: 'GL_CLIP_DISTANCE1': macro redefinition
  (compiling source file 'Source/Imports/importObj.cpp')
      C:\Users\Joss\source\repos\RoboticArm_MathModelling\SimulatorOpenGL\Libraries\include\GL\glew.h(2061,9):
      see previous definition of 'GL_CLIP_DISTANCE1'
  
C:\Users\Joss\source\repos\RoboticArm_MathModelling\SimulatorOpenGL\Libraries\include\glad\glad.h(584,9): warning C4005: 'GL_CLIP_DISTANCE2': macro redefinition
  (compiling source file 'Source/Imports/importObj.cpp')
      C:\Users\Joss\source\repos\RoboticArm_MathModelling\SimulatorOpenGL\Libraries\include\GL\glew.h(2062,9):
      see previous definition of 'GL_CLIP_DISTANCE2'
  
C:\Users\Joss\source\repos\RoboticArm_MathModelling\SimulatorOpenGL\Libraries\include\glad\glad.h(585,9): warning C4005: 'GL_CLIP_DISTANCE3': macro redefinition
  (compiling source file 'Source/Imports/importObj.cpp')
      C:\Users\Joss\source\repos\RoboticArm_MathModelling\SimulatorOpenGL\Libraries\include\GL\glew.h(2063,9):
      see previous definition of 'GL_CLIP_DISTANCE3'
  
C:\Users\Joss\source\repos\RoboticArm_MathModelling\SimulatorOpenGL\Libraries\include\glad\glad.h(586,9): warning C4005: 'GL_CLIP_DISTANCE4': macro redefinition
  (compiling source file 'Source/Imports/importObj.cpp')
      C:\Users\Joss\source\repos\RoboticArm_MathModelling\SimulatorOpenGL\Libraries\include\GL\glew.h(2064,9):
      see previous definition of 'GL_CLIP_DISTANCE4'
  
C:\Users\Joss\source\repos\RoboticArm_MathModelling\SimulatorOpenGL\Libraries\include\glad\glad.h(587,9): warning C4005: 'GL_CLIP_DISTANCE5': macro redefinition
  (compiling source file 'Source/Imports/importObj.cpp')
      C:\Users\Joss\source\repos\RoboticArm_MathModelling\SimulatorOpenGL\Libraries\include\GL\glew.h(2065,9):
      see previous definition of 'GL_CLIP_DISTANCE5'
  
C:\Users\Joss\source\repos\RoboticArm_MathModelling\SimulatorOpenGL\Libraries\include\glad\glad.h(590,9): warning C4005: 'GL_MAX_CLIP_DISTANCES': macro redefinition
  (compiling source file 'Source/Imports/importObj.cpp')
      C:\Users\Joss\source\repos\RoboticArm_MathModelling\SimulatorOpenGL\Libraries\include\GL\glew.h(2067,9):
      see previous definition of 'GL_MAX_CLIP_DISTANCES'
  
C:\Users\Joss\source\repos\RoboticArm_MathModelling\SimulatorOpenGL\Libraries\include\glad\glad.h(597,9): warning C4005: 'GL_CONTEXT_FLAG_FORWARD_COMPATIBLE_BIT': macro redefinition
  (compiling source file 'Source/Imports/importObj.cpp')
      C:\Users\Joss\source\repos\RoboticArm_MathModelling\SimulatorOpenGL\Libraries\include\GL\glew.h(2069,9):
      see previous definition of 'GL_CONTEXT_FLAG_FORWARD_COMPATIBLE_BIT'
  
C:\Users\Joss\source\repos\RoboticArm_MathModelling\SimulatorOpenGL\Libraries\include\glad\glad.h(608,9): warning C4005: 'GL_MAX_VARYING_COMPONENTS': macro redefinition
  (compiling source file 'Source/Imports/importObj.cpp')
      C:\Users\Joss\source\repos\RoboticArm_MathModelling\SimulatorOpenGL\Libraries\include\GL\glew.h(2068,9):
      see previous definition of 'GL_MAX_VARYING_COMPONENTS'
  
C:\Users\Joss\source\repos\RoboticArm_MathModelling\SimulatorOpenGL\Libraries\include\glad\glad.h(872,9): warning C4005: 'GL_INVALID_INDEX': macro redefinition
  (compiling source file 'Source/Imports/importObj.cpp')
      C:\Users\Joss\source\repos\RoboticArm_MathModelling\SimulatorOpenGL\Libraries\include\GL\glew.h(7734,9):
      see previous definition of 'GL_INVALID_INDEX'
  
C:\Users\Joss\source\repos\RoboticArm_MathModelling\SimulatorOpenGL\Libraries\include\glad\glad.h(914,9): warning C4005: 'GL_TIMEOUT_IGNORED': macro redefinition
  (compiling source file 'Source/Imports/importObj.cpp')
      C:\Users\Joss\source\repos\RoboticArm_MathModelling\SimulatorOpenGL\Libraries\include\GL\glew.h(6965,9):
      see previous definition of 'GL_TIMEOUT_IGNORED'
  
C:\Users\Joss\source\repos\RoboticArm_MathModelling\SimulatorOpenGL\Source\Elements\Mesh.h(43,21): warning C4305: 'initializing': truncation from 'double' to 'float'
  (compiling source file 'Source/Imports/importObj.cpp')
  
  Main.cpp
C:\Users\Joss\source\repos\RoboticArm_MathModelling\SimulatorOpenGL\Libraries\include\glad\glad.h(484,9): warning C4005: 'GL_SRC1_ALPHA': macro redefinition
  (compiling source file 'Source/Main.cpp')
      C:\Users\Joss\source\repos\RoboticArm_MathModelling\SimulatorOpenGL\Libraries\include\GL\glew.h(1638,9):
      see previous definition of 'GL_SRC1_ALPHA'
  
C:\Users\Joss\source\repos\RoboticArm_MathModelling\SimulatorOpenGL\Libraries\include\glad\glad.h(485,9): warning C4005: 'GL_BLEND_EQUATION_RGB': macro redefinition
  (compiling source file 'Source/Main.cpp')
      C:\Users\Joss\source\repos\RoboticArm_MathModelling\SimulatorOpenGL\Libraries\include\GL\glew.h(1731,9):
      see previous definition of 'GL_BLEND_EQUATION_RGB'
  
C:\Users\Joss\source\repos\RoboticArm_MathModelling\SimulatorOpenGL\Libraries\include\glad\glad.h(581,9): warning C4005: 'GL_COMPARE_REF_TO_TEXTURE': macro redefinition
  (compiling source file 'Source/Main.cpp')
      C:\Users\Joss\source\repos\RoboticArm_MathModelling\SimulatorOpenGL\Libraries\include\GL\glew.h(2066,9):
      see previous definition of 'GL_COMPARE_REF_TO_TEXTURE'
  
C:\Users\Joss\source\repos\RoboticArm_MathModelling\SimulatorOpenGL\Libraries\include\glad\glad.h(582,9): warning C4005: 'GL_CLIP_DISTANCE0': macro redefinition
  (compiling source file 'Source/Main.cpp')
      C:\Users\Joss\source\repos\RoboticArm_MathModelling\SimulatorOpenGL\Libraries\include\GL\glew.h(2060,9):
      see previous definition of 'GL_CLIP_DISTANCE0'
  
C:\Users\Joss\source\repos\RoboticArm_MathModelling\SimulatorOpenGL\Libraries\include\glad\glad.h(583,9): warning C4005: 'GL_CLIP_DISTANCE1': macro redefinition
  (compiling source file 'Source/Main.cpp')
      C:\Users\Joss\source\repos\RoboticArm_MathModelling\SimulatorOpenGL\Libraries\include\GL\glew.h(2061,9):
      see previous definition of 'GL_CLIP_DISTANCE1'
  
C:\Users\Joss\source\repos\RoboticArm_MathModelling\SimulatorOpenGL\Libraries\include\glad\glad.h(584,9): warning C4005: 'GL_CLIP_DISTANCE2': macro redefinition
  (compiling source file 'Source/Main.cpp')
      C:\Users\Joss\source\repos\RoboticArm_MathModelling\SimulatorOpenGL\Libraries\include\GL\glew.h(2062,9):
      see previous definition of 'GL_CLIP_DISTANCE2'
  
C:\Users\Joss\source\repos\RoboticArm_MathModelling\SimulatorOpenGL\Libraries\include\glad\glad.h(585,9): warning C4005: 'GL_CLIP_DISTANCE3': macro redefinition
  (compiling source file 'Source/Main.cpp')
      C:\Users\Joss\source\repos\RoboticArm_MathModelling\SimulatorOpenGL\Libraries\include\GL\glew.h(2063,9):
      see previous definition of 'GL_CLIP_DISTANCE3'
  
C:\Users\Joss\source\repos\RoboticArm_MathModelling\SimulatorOpenGL\Libraries\include\glad\glad.h(586,9): warning C4005: 'GL_CLIP_DISTANCE4': macro redefinition
  (compiling source file 'Source/Main.cpp')
      C:\Users\Joss\source\repos\RoboticArm_MathModelling\SimulatorOpenGL\Libraries\include\GL\glew.h(2064,9):
      see previous definition of 'GL_CLIP_DISTANCE4'
  
C:\Users\Joss\source\repos\RoboticArm_MathModelling\SimulatorOpenGL\Libraries\include\glad\glad.h(587,9): warning C4005: 'GL_CLIP_DISTANCE5': macro redefinition
  (compiling source file 'Source/Main.cpp')
      C:\Users\Joss\source\repos\RoboticArm_MathModelling\SimulatorOpenGL\Libraries\include\GL\glew.h(2065,9):
      see previous definition of 'GL_CLIP_DISTANCE5'
  
C:\Users\Joss\source\repos\RoboticArm_MathModelling\SimulatorOpenGL\Libraries\include\glad\glad.h(590,9): warning C4005: 'GL_MAX_CLIP_DISTANCES': macro redefinition
  (compiling source file 'Source/Main.cpp')
      C:\Users\Joss\source\repos\RoboticArm_MathModelling\SimulatorOpenGL\Libraries\include\GL\glew.h(2067,9):
      see previous definition of 'GL_MAX_CLIP_DISTANCES'
  
C:\Users\Joss\source\repos\RoboticArm_MathModelling\SimulatorOpenGL\Libraries\include\glad\glad.h(597,9): warning C4005: 'GL_CONTEXT_FLAG_FORWARD_COMPATIBLE_BIT': macro redefinition
  (compiling source file 'Source/Main.cpp')
      C:\Users\Joss\source\repos\RoboticArm_MathModelling\SimulatorOpenGL\Libraries\include\GL\glew.h(2069,9):
      see previous definition of 'GL_CONTEXT_FLAG_FORWARD_COMPATIBLE_BIT'
  
C:\Users\Joss\source\repos\RoboticArm_MathModelling\SimulatorOpenGL\Libraries\include\glad\glad.h(608,9): warning C4005: 'GL_MAX_VARYING_COMPONENTS': macro redefinition
  (compiling source file 'Source/Main.cpp')
      C:\Users\Joss\source\repos\RoboticArm_MathModelling\SimulatorOpenGL\Libraries\include\GL\glew.h(2068,9):
      see previous definition of 'GL_MAX_VARYING_COMPONENTS'
  
C:\Users\Joss\source\repos\RoboticArm_MathModelling\SimulatorOpenGL\Libraries\include\glad\glad.h(872,9): warning C4005: 'GL_INVALID_INDEX': macro redefinition
  (compiling source file 'Source/Main.cpp')
      C:\Users\Joss\source\repos\RoboticArm_MathModelling\SimulatorOpenGL\Libraries\include\GL\glew.h(7734,9):
      see previous definition of 'GL_INVALID_INDEX'
  
C:\Users\Joss\source\repos\RoboticArm_MathModelling\SimulatorOpenGL\Libraries\include\glad\glad.h(914,9): warning C4005: 'GL_TIMEOUT_IGNORED': macro redefinition
  (compiling source file 'Source/Main.cpp')
      C:\Users\Joss\source\repos\RoboticArm_MathModelling\SimulatorOpenGL\Libraries\include\GL\glew.h(6965,9):
      see previous definition of 'GL_TIMEOUT_IGNORED'
  
C:\Users\Joss\source\repos\RoboticArm_MathModelling\SimulatorOpenGL\Source\Elements\Camera.h(66,22): warning C4244: 'argument': conversion from 'double' to 'float', possible loss of data
  (compiling source file 'Source/Main.cpp')
  
C:\Users\Joss\source\repos\RoboticArm_MathModelling\SimulatorOpenGL\Source\Elements\Mesh.h(43,21): warning C4305: 'initializing': truncation from 'double' to 'float'
  (compiling source file 'Source/Main.cpp')
  
C:\Users\Joss\source\repos\RoboticArm_MathModelling\SimulatorOpenGL\Source\Elements\Object.h(26,56): warning C4244: '+=': conversion from 'double' to 'float', possible loss of data
  (compiling source file 'Source/Main.cpp')
  
  GUIContext.cpp
C:\Users\Joss\source\repos\RoboticArm_MathModelling\SimulatorOpenGL\Libraries\include\glad\glad.h(484,9): warning C4005: 'GL_SRC1_ALPHA': macro redefinition
  (compiling source file 'Source/Render/GUIContext.cpp')
      C:\Users\Joss\source\repos\RoboticArm_MathModelling\SimulatorOpenGL\Libraries\include\GL\glew.h(1638,9):
      see previous definition of 'GL_SRC1_ALPHA'
  
C:\Users\Joss\source\repos\RoboticArm_MathModelling\SimulatorOpenGL\Libraries\include\glad\glad.h(485,9): warning C4005: 'GL_BLEND_EQUATION_RGB': macro redefinition
  (compiling source file 'Source/Render/GUIContext.cpp')
      C:\Users\Joss\source\repos\RoboticArm_MathModelling\SimulatorOpenGL\Libraries\include\GL\glew.h(1731,9):
      see previous definition of 'GL_BLEND_EQUATION_RGB'
  
C:\Users\Joss\source\repos\RoboticArm_MathModelling\SimulatorOpenGL\Libraries\include\glad\glad.h(581,9): warning C4005: 'GL_COMPARE_REF_TO_TEXTURE': macro redefinition
  (compiling source file 'Source/Render/GUIContext.cpp')
      C:\Users\Joss\source\repos\RoboticArm_MathModelling\SimulatorOpenGL\Libraries\include\GL\glew.h(2066,9):
      see previous definition of 'GL_COMPARE_REF_TO_TEXTURE'
  
C:\Users\Joss\source\repos\RoboticArm_MathModelling\SimulatorOpenGL\Libraries\include\glad\glad.h(582,9): warning C4005: 'GL_CLIP_DISTANCE0': macro redefinition
  (compiling source file 'Source/Render/GUIContext.cpp')
      C:\Users\Joss\source\repos\RoboticArm_MathModelling\SimulatorOpenGL\Libraries\include\GL\glew.h(2060,9):
      see previous definition of 'GL_CLIP_DISTANCE0'
  
C:\Users\Joss\source\repos\RoboticArm_MathModelling\SimulatorOpenGL\Libraries\include\glad\glad.h(583,9): warning C4005: 'GL_CLIP_DISTANCE1': macro redefinition
  (compiling source file 'Source/Render/GUIContext.cpp')
      C:\Users\Joss\source\repos\RoboticArm_MathModelling\SimulatorOpenGL\Libraries\include\GL\glew.h(2061,9):
      see previous definition of 'GL_CLIP_DISTANCE1'
  
C:\Users\Joss\source\repos\RoboticArm_MathModelling\SimulatorOpenGL\Libraries\include\glad\glad.h(584,9): warning C4005: 'GL_CLIP_DISTANCE2': macro redefinition
  (compiling source file 'Source/Render/GUIContext.cpp')
      C:\Users\Joss\source\repos\RoboticArm_MathModelling\SimulatorOpenGL\Libraries\include\GL\glew.h(2062,9):
      see previous definition of 'GL_CLIP_DISTANCE2'
  
C:\Users\Joss\source\repos\RoboticArm_MathModelling\SimulatorOpenGL\Libraries\include\glad\glad.h(585,9): warning C4005: 'GL_CLIP_DISTANCE3': macro redefinition
  (compiling source file 'Source/Render/GUIContext.cpp')
      C:\Users\Joss\source\repos\RoboticArm_MathModelling\SimulatorOpenGL\Libraries\include\GL\glew.h(2063,9):
      see previous definition of 'GL_CLIP_DISTANCE3'
  
C:\Users\Joss\source\repos\RoboticArm_MathModelling\SimulatorOpenGL\Libraries\include\glad\glad.h(586,9): warning C4005: 'GL_CLIP_DISTANCE4': macro redefinition
  (compiling source file 'Source/Render/GUIContext.cpp')
      C:\Users\Joss\source\repos\RoboticArm_MathModelling\SimulatorOpenGL\Libraries\include\GL\glew.h(2064,9):
      see previous definition of 'GL_CLIP_DISTANCE4'
  
C:\Users\Joss\source\repos\RoboticArm_MathModelling\SimulatorOpenGL\Libraries\include\glad\glad.h(587,9): warning C4005: 'GL_CLIP_DISTANCE5': macro redefinition
  (compiling source file 'Source/Render/GUIContext.cpp')
      C:\Users\Joss\source\repos\RoboticArm_MathModelling\SimulatorOpenGL\Libraries\include\GL\glew.h(2065,9):
      see previous definition of 'GL_CLIP_DISTANCE5'
  
C:\Users\Joss\source\repos\RoboticArm_MathModelling\SimulatorOpenGL\Libraries\include\glad\glad.h(590,9): warning C4005: 'GL_MAX_CLIP_DISTANCES': macro redefinition
  (compiling source file 'Source/Render/GUIContext.cpp')
      C:\Users\Joss\source\repos\RoboticArm_MathModelling\SimulatorOpenGL\Libraries\include\GL\glew.h(2067,9):
      see previous definition of 'GL_MAX_CLIP_DISTANCES'
  
C:\Users\Joss\source\repos\RoboticArm_MathModelling\SimulatorOpenGL\Libraries\include\glad\glad.h(597,9): warning C4005: 'GL_CONTEXT_FLAG_FORWARD_COMPATIBLE_BIT': macro redefinition
  (compiling source file 'Source/Render/GUIContext.cpp')
      C:\Users\Joss\source\repos\RoboticArm_MathModelling\SimulatorOpenGL\Libraries\include\GL\glew.h(2069,9):
      see previous definition of 'GL_CONTEXT_FLAG_FORWARD_COMPATIBLE_BIT'
  
C:\Users\Joss\source\repos\RoboticArm_MathModelling\SimulatorOpenGL\Libraries\include\glad\glad.h(608,9): warning C4005: 'GL_MAX_VARYING_COMPONENTS': macro redefinition
  (compiling source file 'Source/Render/GUIContext.cpp')
      C:\Users\Joss\source\repos\RoboticArm_MathModelling\SimulatorOpenGL\Libraries\include\GL\glew.h(2068,9):
      see previous definition of 'GL_MAX_VARYING_COMPONENTS'
  
C:\Users\Joss\source\repos\RoboticArm_MathModelling\SimulatorOpenGL\Libraries\include\glad\glad.h(872,9): warning C4005: 'GL_INVALID_INDEX': macro redefinition
  (compiling source file 'Source/Render/GUIContext.cpp')
      C:\Users\Joss\source\repos\RoboticArm_MathModelling\SimulatorOpenGL\Libraries\include\GL\glew.h(7734,9):
      see previous definition of 'GL_INVALID_INDEX'
  
C:\Users\Joss\source\repos\RoboticArm_MathModelling\SimulatorOpenGL\Libraries\include\glad\glad.h(914,9): warning C4005: 'GL_TIMEOUT_IGNORED': macro redefinition
  (compiling source file 'Source/Render/GUIContext.cpp')
      C:\Users\Joss\source\repos\RoboticArm_MathModelling\SimulatorOpenGL\Libraries\include\GL\glew.h(6965,9):
      see previous definition of 'GL_TIMEOUT_IGNORED'
  
  OpenGLBufferManager.cpp
C:\Users\Joss\source\repos\RoboticArm_MathModelling\SimulatorOpenGL\Libraries\include\glad\glad.h(484,9): warning C4005: 'GL_SRC1_ALPHA': macro redefinition
  (compiling source file 'Source/Render/OpenGLBufferManager.cpp')
      C:\Users\Joss\source\repos\RoboticArm_MathModelling\SimulatorOpenGL\Libraries\include\GL\glew.h(1638,9):
      see previous definition of 'GL_SRC1_ALPHA'
  
C:\Users\Joss\source\repos\RoboticArm_MathModelling\SimulatorOpenGL\Libraries\include\glad\glad.h(485,9): warning C4005: 'GL_BLEND_EQUATION_RGB': macro redefinition
  (compiling source file 'Source/Render/OpenGLBufferManager.cpp')
      C:\Users\Joss\source\repos\RoboticArm_MathModelling\SimulatorOpenGL\Libraries\include\GL\glew.h(1731,9):
      see previous definition of 'GL_BLEND_EQUATION_RGB'
  
C:\Users\Joss\source\repos\RoboticArm_MathModelling\SimulatorOpenGL\Libraries\include\glad\glad.h(581,9): warning C4005: 'GL_COMPARE_REF_TO_TEXTURE': macro redefinition
  (compiling source file 'Source/Render/OpenGLBufferManager.cpp')
      C:\Users\Joss\source\repos\RoboticArm_MathModelling\SimulatorOpenGL\Libraries\include\GL\glew.h(2066,9):
      see previous definition of 'GL_COMPARE_REF_TO_TEXTURE'
  
C:\Users\Joss\source\repos\RoboticArm_MathModelling\SimulatorOpenGL\Libraries\include\glad\glad.h(582,9): warning C4005: 'GL_CLIP_DISTANCE0': macro redefinition
  (compiling source file 'Source/Render/OpenGLBufferManager.cpp')
      C:\Users\Joss\source\repos\RoboticArm_MathModelling\SimulatorOpenGL\Libraries\include\GL\glew.h(2060,9):
      see previous definition of 'GL_CLIP_DISTANCE0'
  
C:\Users\Joss\source\repos\RoboticArm_MathModelling\SimulatorOpenGL\Libraries\include\glad\glad.h(583,9): warning C4005: 'GL_CLIP_DISTANCE1': macro redefinition
  (compiling source file 'Source/Render/OpenGLBufferManager.cpp')
      C:\Users\Joss\source\repos\RoboticArm_MathModelling\SimulatorOpenGL\Libraries\include\GL\glew.h(2061,9):
      see previous definition of 'GL_CLIP_DISTANCE1'
  
C:\Users\Joss\source\repos\RoboticArm_MathModelling\SimulatorOpenGL\Libraries\include\glad\glad.h(584,9): warning C4005: 'GL_CLIP_DISTANCE2': macro redefinition
  (compiling source file 'Source/Render/OpenGLBufferManager.cpp')
      C:\Users\Joss\source\repos\RoboticArm_MathModelling\SimulatorOpenGL\Libraries\include\GL\glew.h(2062,9):
      see previous definition of 'GL_CLIP_DISTANCE2'
  
C:\Users\Joss\source\repos\RoboticArm_MathModelling\SimulatorOpenGL\Libraries\include\glad\glad.h(585,9): warning C4005: 'GL_CLIP_DISTANCE3': macro redefinition
  (compiling source file 'Source/Render/OpenGLBufferManager.cpp')
      C:\Users\Joss\source\repos\RoboticArm_MathModelling\SimulatorOpenGL\Libraries\include\GL\glew.h(2063,9):
      see previous definition of 'GL_CLIP_DISTANCE3'
  
C:\Users\Joss\source\repos\RoboticArm_MathModelling\SimulatorOpenGL\Libraries\include\glad\glad.h(586,9): warning C4005: 'GL_CLIP_DISTANCE4': macro redefinition
  (compiling source file 'Source/Render/OpenGLBufferManager.cpp')
      C:\Users\Joss\source\repos\RoboticArm_MathModelling\SimulatorOpenGL\Libraries\include\GL\glew.h(2064,9):
      see previous definition of 'GL_CLIP_DISTANCE4'
  
C:\Users\Joss\source\repos\RoboticArm_MathModelling\SimulatorOpenGL\Libraries\include\glad\glad.h(587,9): warning C4005: 'GL_CLIP_DISTANCE5': macro redefinition
  (compiling source file 'Source/Render/OpenGLBufferManager.cpp')
      C:\Users\Joss\source\repos\RoboticArm_MathModelling\SimulatorOpenGL\Libraries\include\GL\glew.h(2065,9):
      see previous definition of 'GL_CLIP_DISTANCE5'
  
C:\Users\Joss\source\repos\RoboticArm_MathModelling\SimulatorOpenGL\Libraries\include\glad\glad.h(590,9): warning C4005: 'GL_MAX_CLIP_DISTANCES': macro redefinition
  (compiling source file 'Source/Render/OpenGLBufferManager.cpp')
      C:\Users\Joss\source\repos\RoboticArm_MathModelling\SimulatorOpenGL\Libraries\include\GL\glew.h(2067,9):
      see previous definition of 'GL_MAX_CLIP_DISTANCES'
  
C:\Users\Joss\source\repos\RoboticArm_MathModelling\SimulatorOpenGL\Libraries\include\glad\glad.h(597,9): warning C4005: 'GL_CONTEXT_FLAG_FORWARD_COMPATIBLE_BIT': macro redefinition
  (compiling source file 'Source/Render/OpenGLBufferManager.cpp')
      C:\Users\Joss\source\repos\RoboticArm_MathModelling\SimulatorOpenGL\Libraries\include\GL\glew.h(2069,9):
      see previous definition of 'GL_CONTEXT_FLAG_FORWARD_COMPATIBLE_BIT'
  
C:\Users\Joss\source\repos\RoboticArm_MathModelling\SimulatorOpenGL\Libraries\include\glad\glad.h(608,9): warning C4005: 'GL_MAX_VARYING_COMPONENTS': macro redefinition
  (compiling source file 'Source/Render/OpenGLBufferManager.cpp')
      C:\Users\Joss\source\repos\RoboticArm_MathModelling\SimulatorOpenGL\Libraries\include\GL\glew.h(2068,9):
      see previous definition of 'GL_MAX_VARYING_COMPONENTS'
  
C:\Users\Joss\source\repos\RoboticArm_MathModelling\SimulatorOpenGL\Libraries\include\glad\glad.h(872,9): warning C4005: 'GL_INVALID_INDEX': macro redefinition
  (compiling source file 'Source/Render/OpenGLBufferManager.cpp')
      C:\Users\Joss\source\repos\RoboticArm_MathModelling\SimulatorOpenGL\Libraries\include\GL\glew.h(7734,9):
      see previous definition of 'GL_INVALID_INDEX'
  
C:\Users\Joss\source\repos\RoboticArm_MathModelling\SimulatorOpenGL\Libraries\include\glad\glad.h(914,9): warning C4005: 'GL_TIMEOUT_IGNORED': macro redefinition
  (compiling source file 'Source/Render/OpenGLBufferManager.cpp')
      C:\Users\Joss\source\repos\RoboticArm_MathModelling\SimulatorOpenGL\Libraries\include\GL\glew.h(6965,9):
      see previous definition of 'GL_TIMEOUT_IGNORED'
  
  OpenGLContext.cpp
C:\Users\Joss\source\repos\RoboticArm_MathModelling\SimulatorOpenGL\Libraries\include\glad\glad.h(484,9): warning C4005: 'GL_SRC1_ALPHA': macro redefinition
  (compiling source file 'Source/Render/OpenGLContext.cpp')
      C:\Users\Joss\source\repos\RoboticArm_MathModelling\SimulatorOpenGL\Libraries\include\GL\glew.h(1638,9):
      see previous definition of 'GL_SRC1_ALPHA'
  
C:\Users\Joss\source\repos\RoboticArm_MathModelling\SimulatorOpenGL\Libraries\include\glad\glad.h(485,9): warning C4005: 'GL_BLEND_EQUATION_RGB': macro redefinition
  (compiling source file 'Source/Render/OpenGLContext.cpp')
      C:\Users\Joss\source\repos\RoboticArm_MathModelling\SimulatorOpenGL\Libraries\include\GL\glew.h(1731,9):
      see previous definition of 'GL_BLEND_EQUATION_RGB'
  
C:\Users\Joss\source\repos\RoboticArm_MathModelling\SimulatorOpenGL\Libraries\include\glad\glad.h(581,9): warning C4005: 'GL_COMPARE_REF_TO_TEXTURE': macro redefinition
  (compiling source file 'Source/Render/OpenGLContext.cpp')
      C:\Users\Joss\source\repos\RoboticArm_MathModelling\SimulatorOpenGL\Libraries\include\GL\glew.h(2066,9):
      see previous definition of 'GL_COMPARE_REF_TO_TEXTURE'
  
C:\Users\Joss\source\repos\RoboticArm_MathModelling\SimulatorOpenGL\Libraries\include\glad\glad.h(582,9): warning C4005: 'GL_CLIP_DISTANCE0': macro redefinition
  (compiling source file 'Source/Render/OpenGLContext.cpp')
      C:\Users\Joss\source\repos\RoboticArm_MathModelling\SimulatorOpenGL\Libraries\include\GL\glew.h(2060,9):
      see previous definition of 'GL_CLIP_DISTANCE0'
  
C:\Users\Joss\source\repos\RoboticArm_MathModelling\SimulatorOpenGL\Libraries\include\glad\glad.h(583,9): warning C4005: 'GL_CLIP_DISTANCE1': macro redefinition
  (compiling source file 'Source/Render/OpenGLContext.cpp')
      C:\Users\Joss\source\repos\RoboticArm_MathModelling\SimulatorOpenGL\Libraries\include\GL\glew.h(2061,9):
      see previous definition of 'GL_CLIP_DISTANCE1'
  
C:\Users\Joss\source\repos\RoboticArm_MathModelling\SimulatorOpenGL\Libraries\include\glad\glad.h(584,9): warning C4005: 'GL_CLIP_DISTANCE2': macro redefinition
  (compiling source file 'Source/Render/OpenGLContext.cpp')
      C:\Users\Joss\source\repos\RoboticArm_MathModelling\SimulatorOpenGL\Libraries\include\GL\glew.h(2062,9):
      see previous definition of 'GL_CLIP_DISTANCE2'
  
C:\Users\Joss\source\repos\RoboticArm_MathModelling\SimulatorOpenGL\Libraries\include\glad\glad.h(585,9): warning C4005: 'GL_CLIP_DISTANCE3': macro redefinition
  (compiling source file 'Source/Render/OpenGLContext.cpp')
      C:\Users\Joss\source\repos\RoboticArm_MathModelling\SimulatorOpenGL\Libraries\include\GL\glew.h(2063,9):
      see previous definition of 'GL_CLIP_DISTANCE3'
  
C:\Users\Joss\source\repos\RoboticArm_MathModelling\SimulatorOpenGL\Libraries\include\glad\glad.h(586,9): warning C4005: 'GL_CLIP_DISTANCE4': macro redefinition
  (compiling source file 'Source/Render/OpenGLContext.cpp')
      C:\Users\Joss\source\repos\RoboticArm_MathModelling\SimulatorOpenGL\Libraries\include\GL\glew.h(2064,9):
      see previous definition of 'GL_CLIP_DISTANCE4'
  
C:\Users\Joss\source\repos\RoboticArm_MathModelling\SimulatorOpenGL\Libraries\include\glad\glad.h(587,9): warning C4005: 'GL_CLIP_DISTANCE5': macro redefinition
  (compiling source file 'Source/Render/OpenGLContext.cpp')
      C:\Users\Joss\source\repos\RoboticArm_MathModelling\SimulatorOpenGL\Libraries\include\GL\glew.h(2065,9):
      see previous definition of 'GL_CLIP_DISTANCE5'
  
C:\Users\Joss\source\repos\RoboticArm_MathModelling\SimulatorOpenGL\Libraries\include\glad\glad.h(590,9): warning C4005: 'GL_MAX_CLIP_DISTANCES': macro redefinition
  (compiling source file 'Source/Render/OpenGLContext.cpp')
      C:\Users\Joss\source\repos\RoboticArm_MathModelling\SimulatorOpenGL\Libraries\include\GL\glew.h(2067,9):
      see previous definition of 'GL_MAX_CLIP_DISTANCES'
  
C:\Users\Joss\source\repos\RoboticArm_MathModelling\SimulatorOpenGL\Libraries\include\glad\glad.h(597,9): warning C4005: 'GL_CONTEXT_FLAG_FORWARD_COMPATIBLE_BIT': macro redefinition
  (compiling source file 'Source/Render/OpenGLContext.cpp')
      C:\Users\Joss\source\repos\RoboticArm_MathModelling\SimulatorOpenGL\Libraries\include\GL\glew.h(2069,9):
      see previous definition of 'GL_CONTEXT_FLAG_FORWARD_COMPATIBLE_BIT'
  
C:\Users\Joss\source\repos\RoboticArm_MathModelling\SimulatorOpenGL\Libraries\include\glad\glad.h(608,9): warning C4005: 'GL_MAX_VARYING_COMPONENTS': macro redefinition
  (compiling source file 'Source/Render/OpenGLContext.cpp')
      C:\Users\Joss\source\repos\RoboticArm_MathModelling\SimulatorOpenGL\Libraries\include\GL\glew.h(2068,9):
      see previous definition of 'GL_MAX_VARYING_COMPONENTS'
  
C:\Users\Joss\source\repos\RoboticArm_MathModelling\SimulatorOpenGL\Libraries\include\glad\glad.h(872,9): warning C4005: 'GL_INVALID_INDEX': macro redefinition
  (compiling source file 'Source/Render/OpenGLContext.cpp')
      C:\Users\Joss\source\repos\RoboticArm_MathModelling\SimulatorOpenGL\Libraries\include\GL\glew.h(7734,9):
      see previous definition of 'GL_INVALID_INDEX'
  
C:\Users\Joss\source\repos\RoboticArm_MathModelling\SimulatorOpenGL\Libraries\include\glad\glad.h(914,9): warning C4005: 'GL_TIMEOUT_IGNORED': macro redefinition
  (compiling source file 'Source/Render/OpenGLContext.cpp')
      C:\Users\Joss\source\repos\RoboticArm_MathModelling\SimulatorOpenGL\Libraries\include\GL\glew.h(6965,9):
      see previous definition of 'GL_TIMEOUT_IGNORED'
  
  SimulationManager.cpp
  shaderClass.cpp
  ShaderUtil.cpp
C:\Users\Joss\source\repos\RoboticArm_MathModelling\SimulatorOpenGL\Libraries\include\glad\glad.h(484,9): warning C4005: 'GL_SRC1_ALPHA': macro redefinition
  (compiling source file 'Source/Shader/ShaderUtil.cpp')
      C:\Users\Joss\source\repos\RoboticArm_MathModelling\SimulatorOpenGL\Libraries\include\GL\glew.h(1638,9):
      see previous definition of 'GL_SRC1_ALPHA'
  
C:\Users\Joss\source\repos\RoboticArm_MathModelling\SimulatorOpenGL\Libraries\include\glad\glad.h(485,9): warning C4005: 'GL_BLEND_EQUATION_RGB': macro redefinition
  (compiling source file 'Source/Shader/ShaderUtil.cpp')
      C:\Users\Joss\source\repos\RoboticArm_MathModelling\SimulatorOpenGL\Libraries\include\GL\glew.h(1731,9):
      see previous definition of 'GL_BLEND_EQUATION_RGB'
  
C:\Users\Joss\source\repos\RoboticArm_MathModelling\SimulatorOpenGL\Libraries\include\glad\glad.h(581,9): warning C4005: 'GL_COMPARE_REF_TO_TEXTURE': macro redefinition
  (compiling source file 'Source/Shader/ShaderUtil.cpp')
      C:\Users\Joss\source\repos\RoboticArm_MathModelling\SimulatorOpenGL\Libraries\include\GL\glew.h(2066,9):
      see previous definition of 'GL_COMPARE_REF_TO_TEXTURE'
  
C:\Users\Joss\source\repos\RoboticArm_MathModelling\SimulatorOpenGL\Libraries\include\glad\glad.h(582,9): warning C4005: 'GL_CLIP_DISTANCE0': macro redefinition
  (compiling source file 'Source/Shader/ShaderUtil.cpp')
      C:\Users\Joss\source\repos\RoboticArm_MathModelling\SimulatorOpenGL\Libraries\include\GL\glew.h(2060,9):
      see previous definition of 'GL_CLIP_DISTANCE0'
  
C:\Users\Joss\source\repos\RoboticArm_MathModelling\SimulatorOpenGL\Libraries\include\glad\glad.h(583,9): warning C4005: 'GL_CLIP_DISTANCE1': macro redefinition
  (compiling source file 'Source/Shader/ShaderUtil.cpp')
      C:\Users\Joss\source\repos\RoboticArm_MathModelling\SimulatorOpenGL\Libraries\include\GL\glew.h(2061,9):
      see previous definition of 'GL_CLIP_DISTANCE1'
  
C:\Users\Joss\source\repos\RoboticArm_MathModelling\SimulatorOpenGL\Libraries\include\glad\glad.h(584,9): warning C4005: 'GL_CLIP_DISTANCE2': macro redefinition
  (compiling source file 'Source/Shader/ShaderUtil.cpp')
      C:\Users\Joss\source\repos\RoboticArm_MathModelling\SimulatorOpenGL\Libraries\include\GL\glew.h(2062,9):
      see previous definition of 'GL_CLIP_DISTANCE2'
  
C:\Users\Joss\source\repos\RoboticArm_MathModelling\SimulatorOpenGL\Libraries\include\glad\glad.h(585,9): warning C4005: 'GL_CLIP_DISTANCE3': macro redefinition
  (compiling source file 'Source/Shader/ShaderUtil.cpp')
      C:\Users\Joss\source\repos\RoboticArm_MathModelling\SimulatorOpenGL\Libraries\include\GL\glew.h(2063,9):
      see previous definition of 'GL_CLIP_DISTANCE3'
  
C:\Users\Joss\source\repos\RoboticArm_MathModelling\SimulatorOpenGL\Libraries\include\glad\glad.h(586,9): warning C4005: 'GL_CLIP_DISTANCE4': macro redefinition
  (compiling source file 'Source/Shader/ShaderUtil.cpp')
      C:\Users\Joss\source\repos\RoboticArm_MathModelling\SimulatorOpenGL\Libraries\include\GL\glew.h(2064,9):
      see previous definition of 'GL_CLIP_DISTANCE4'
  
C:\Users\Joss\source\repos\RoboticArm_MathModelling\SimulatorOpenGL\Libraries\include\glad\glad.h(587,9): warning C4005: 'GL_CLIP_DISTANCE5': macro redefinition
  (compiling source file 'Source/Shader/ShaderUtil.cpp')
      C:\Users\Joss\source\repos\RoboticArm_MathModelling\SimulatorOpenGL\Libraries\include\GL\glew.h(2065,9):
      see previous definition of 'GL_CLIP_DISTANCE5'
  
C:\Users\Joss\source\repos\RoboticArm_MathModelling\SimulatorOpenGL\Libraries\include\glad\glad.h(590,9): warning C4005: 'GL_MAX_CLIP_DISTANCES': macro redefinition
  (compiling source file 'Source/Shader/ShaderUtil.cpp')
      C:\Users\Joss\source\repos\RoboticArm_MathModelling\SimulatorOpenGL\Libraries\include\GL\glew.h(2067,9):
      see previous definition of 'GL_MAX_CLIP_DISTANCES'
  
C:\Users\Joss\source\repos\RoboticArm_MathModelling\SimulatorOpenGL\Libraries\include\glad\glad.h(597,9): warning C4005: 'GL_CONTEXT_FLAG_FORWARD_COMPATIBLE_BIT': macro redefinition
  (compiling source file 'Source/Shader/ShaderUtil.cpp')
      C:\Users\Joss\source\repos\RoboticArm_MathModelling\SimulatorOpenGL\Libraries\include\GL\glew.h(2069,9):
      see previous definition of 'GL_CONTEXT_FLAG_FORWARD_COMPATIBLE_BIT'
  
C:\Users\Joss\source\repos\RoboticArm_MathModelling\SimulatorOpenGL\Libraries\include\glad\glad.h(608,9): warning C4005: 'GL_MAX_VARYING_COMPONENTS': macro redefinition
  (compiling source file 'Source/Shader/ShaderUtil.cpp')
      C:\Users\Joss\source\repos\RoboticArm_MathModelling\SimulatorOpenGL\Libraries\include\GL\glew.h(2068,9):
      see previous definition of 'GL_MAX_VARYING_COMPONENTS'
  
C:\Users\Joss\source\repos\RoboticArm_MathModelling\SimulatorOpenGL\Libraries\include\glad\glad.h(872,9): warning C4005: 'GL_INVALID_INDEX': macro redefinition
  (compiling source file 'Source/Shader/ShaderUtil.cpp')
      C:\Users\Joss\source\repos\RoboticArm_MathModelling\SimulatorOpenGL\Libraries\include\GL\glew.h(7734,9):
      see previous definition of 'GL_INVALID_INDEX'
  
C:\Users\Joss\source\repos\RoboticArm_MathModelling\SimulatorOpenGL\Libraries\include\glad\glad.h(914,9): warning C4005: 'GL_TIMEOUT_IGNORED': macro redefinition
  (compiling source file 'Source/Shader/ShaderUtil.cpp')
      C:\Users\Joss\source\repos\RoboticArm_MathModelling\SimulatorOpenGL\Libraries\include\GL\glew.h(6965,9):
      see previous definition of 'GL_TIMEOUT_IGNORED'
  
  ControlPanel.cpp
C:\Users\Joss\source\repos\RoboticArm_MathModelling\SimulatorOpenGL\Libraries\include\glad\glad.h(484,9): warning C4005: 'GL_SRC1_ALPHA': macro redefinition
  (compiling source file 'Source/UI/ControlPanel.cpp')
      C:\Users\Joss\source\repos\RoboticArm_MathModelling\SimulatorOpenGL\Libraries\include\GL\glew.h(1638,9):
      see previous definition of 'GL_SRC1_ALPHA'
  
C:\Users\Joss\source\repos\RoboticArm_MathModelling\SimulatorOpenGL\Libraries\include\glad\glad.h(485,9): warning C4005: 'GL_BLEND_EQUATION_RGB': macro redefinition
  (compiling source file 'Source/UI/ControlPanel.cpp')
      C:\Users\Joss\source\repos\RoboticArm_MathModelling\SimulatorOpenGL\Libraries\include\GL\glew.h(1731,9):
      see previous definition of 'GL_BLEND_EQUATION_RGB'
  
C:\Users\Joss\source\repos\RoboticArm_MathModelling\SimulatorOpenGL\Libraries\include\glad\glad.h(581,9): warning C4005: 'GL_COMPARE_REF_TO_TEXTURE': macro redefinition
  (compiling source file 'Source/UI/ControlPanel.cpp')
      C:\Users\Joss\source\repos\RoboticArm_MathModelling\SimulatorOpenGL\Libraries\include\GL\glew.h(2066,9):
      see previous definition of 'GL_COMPARE_REF_TO_TEXTURE'
  
C:\Users\Joss\source\repos\RoboticArm_MathModelling\SimulatorOpenGL\Libraries\include\glad\glad.h(582,9): warning C4005: 'GL_CLIP_DISTANCE0': macro redefinition
  (compiling source file 'Source/UI/ControlPanel.cpp')
      C:\Users\Joss\source\repos\RoboticArm_MathModelling\SimulatorOpenGL\Libraries\include\GL\glew.h(2060,9):
      see previous definition of 'GL_CLIP_DISTANCE0'
  
C:\Users\Joss\source\repos\RoboticArm_MathModelling\SimulatorOpenGL\Libraries\include\glad\glad.h(583,9): warning C4005: 'GL_CLIP_DISTANCE1': macro redefinition
  (compiling source file 'Source/UI/ControlPanel.cpp')
      C:\Users\Joss\source\repos\RoboticArm_MathModelling\SimulatorOpenGL\Libraries\include\GL\glew.h(2061,9):
      see previous definition of 'GL_CLIP_DISTANCE1'
  
C:\Users\Joss\source\repos\RoboticArm_MathModelling\SimulatorOpenGL\Libraries\include\glad\glad.h(584,9): warning C4005: 'GL_CLIP_DISTANCE2': macro redefinition
  (compiling source file 'Source/UI/ControlPanel.cpp')
      C:\Users\Joss\source\repos\RoboticArm_MathModelling\SimulatorOpenGL\Libraries\include\GL\glew.h(2062,9):
      see previous definition of 'GL_CLIP_DISTANCE2'
  
C:\Users\Joss\source\repos\RoboticArm_MathModelling\SimulatorOpenGL\Libraries\include\glad\glad.h(585,9): warning C4005: 'GL_CLIP_DISTANCE3': macro redefinition
  (compiling source file 'Source/UI/ControlPanel.cpp')
      C:\Users\Joss\source\repos\RoboticArm_MathModelling\SimulatorOpenGL\Libraries\include\GL\glew.h(2063,9):
      see previous definition of 'GL_CLIP_DISTANCE3'
  
C:\Users\Joss\source\repos\RoboticArm_MathModelling\SimulatorOpenGL\Libraries\include\glad\glad.h(586,9): warning C4005: 'GL_CLIP_DISTANCE4': macro redefinition
  (compiling source file 'Source/UI/ControlPanel.cpp')
      C:\Users\Joss\source\repos\RoboticArm_MathModelling\SimulatorOpenGL\Libraries\include\GL\glew.h(2064,9):
      see previous definition of 'GL_CLIP_DISTANCE4'
  
C:\Users\Joss\source\repos\RoboticArm_MathModelling\SimulatorOpenGL\Libraries\include\glad\glad.h(587,9): warning C4005: 'GL_CLIP_DISTANCE5': macro redefinition
  (compiling source file 'Source/UI/ControlPanel.cpp')
      C:\Users\Joss\source\repos\RoboticArm_MathModelling\SimulatorOpenGL\Libraries\include\GL\glew.h(2065,9):
      see previous definition of 'GL_CLIP_DISTANCE5'
  
C:\Users\Joss\source\repos\RoboticArm_MathModelling\SimulatorOpenGL\Libraries\include\glad\glad.h(590,9): warning C4005: 'GL_MAX_CLIP_DISTANCES': macro redefinition
  (compiling source file 'Source/UI/ControlPanel.cpp')
      C:\Users\Joss\source\repos\RoboticArm_MathModelling\SimulatorOpenGL\Libraries\include\GL\glew.h(2067,9):
      see previous definition of 'GL_MAX_CLIP_DISTANCES'
  
C:\Users\Joss\source\repos\RoboticArm_MathModelling\SimulatorOpenGL\Libraries\include\glad\glad.h(597,9): warning C4005: 'GL_CONTEXT_FLAG_FORWARD_COMPATIBLE_BIT': macro redefinition
  (compiling source file 'Source/UI/ControlPanel.cpp')
      C:\Users\Joss\source\repos\RoboticArm_MathModelling\SimulatorOpenGL\Libraries\include\GL\glew.h(2069,9):
      see previous definition of 'GL_CONTEXT_FLAG_FORWARD_COMPATIBLE_BIT'
  
C:\Users\Joss\source\repos\RoboticArm_MathModelling\SimulatorOpenGL\Libraries\include\glad\glad.h(608,9): warning C4005: 'GL_MAX_VARYING_COMPONENTS': macro redefinition
  (compiling source file 'Source/UI/ControlPanel.cpp')
      C:\Users\Joss\source\repos\RoboticArm_MathModelling\SimulatorOpenGL\Libraries\include\GL\glew.h(2068,9):
      see previous definition of 'GL_MAX_VARYING_COMPONENTS'
  
C:\Users\Joss\source\repos\RoboticArm_MathModelling\SimulatorOpenGL\Libraries\include\glad\glad.h(872,9): warning C4005: 'GL_INVALID_INDEX': macro redefinition
  (compiling source file 'Source/UI/ControlPanel.cpp')
      C:\Users\Joss\source\repos\RoboticArm_MathModelling\SimulatorOpenGL\Libraries\include\GL\glew.h(7734,9):
      see previous definition of 'GL_INVALID_INDEX'
  
C:\Users\Joss\source\repos\RoboticArm_MathModelling\SimulatorOpenGL\Libraries\include\glad\glad.h(914,9): warning C4005: 'GL_TIMEOUT_IGNORED': macro redefinition
  (compiling source file 'Source/UI/ControlPanel.cpp')
      C:\Users\Joss\source\repos\RoboticArm_MathModelling\SimulatorOpenGL\Libraries\include\GL\glew.h(6965,9):
      see previous definition of 'GL_TIMEOUT_IGNORED'
  
C:\Users\Joss\source\repos\RoboticArm_MathModelling\SimulatorOpenGL\Source\Elements\Camera.h(66,22): warning C4244: 'argument': conversion from 'double' to 'float', possible loss of data
  (compiling source file 'Source/UI/ControlPanel.cpp')
  
C:\Users\Joss\source\repos\RoboticArm_MathModelling\SimulatorOpenGL\Source\Elements\Mesh.h(43,21): warning C4305: 'initializing': truncation from 'double' to 'float'
  (compiling source file 'Source/UI/ControlPanel.cpp')
  
C:\Users\Joss\source\repos\RoboticArm_MathModelling\SimulatorOpenGL\Source\Elements\Object.h(26,56): warning C4244: '+=': conversion from 'double' to 'float', possible loss of data
  (compiling source file 'Source/UI/ControlPanel.cpp')
  
  DebugPanel.cpp
C:\Users\Joss\source\repos\RoboticArm_MathModelling\SimulatorOpenGL\Libraries\include\glad\glad.h(484,9): warning C4005: 'GL_SRC1_ALPHA': macro redefinition
  (compiling source file 'Source/UI/DebugPanel.cpp')
      C:\Users\Joss\source\repos\RoboticArm_MathModelling\SimulatorOpenGL\Libraries\include\GL\glew.h(1638,9):
      see previous definition of 'GL_SRC1_ALPHA'
  
C:\Users\Joss\source\repos\RoboticArm_MathModelling\SimulatorOpenGL\Libraries\include\glad\glad.h(485,9): warning C4005: 'GL_BLEND_EQUATION_RGB': macro redefinition
  (compiling source file 'Source/UI/DebugPanel.cpp')
      C:\Users\Joss\source\repos\RoboticArm_MathModelling\SimulatorOpenGL\Libraries\include\GL\glew.h(1731,9):
      see previous definition of 'GL_BLEND_EQUATION_RGB'
  
C:\Users\Joss\source\repos\RoboticArm_MathModelling\SimulatorOpenGL\Libraries\include\glad\glad.h(581,9): warning C4005: 'GL_COMPARE_REF_TO_TEXTURE': macro redefinition
  (compiling source file 'Source/UI/DebugPanel.cpp')
      C:\Users\Joss\source\repos\RoboticArm_MathModelling\SimulatorOpenGL\Libraries\include\GL\glew.h(2066,9):
      see previous definition of 'GL_COMPARE_REF_TO_TEXTURE'
  
C:\Users\Joss\source\repos\RoboticArm_MathModelling\SimulatorOpenGL\Libraries\include\glad\glad.h(582,9): warning C4005: 'GL_CLIP_DISTANCE0': macro redefinition
  (compiling source file 'Source/UI/DebugPanel.cpp')
      C:\Users\Joss\source\repos\RoboticArm_MathModelling\SimulatorOpenGL\Libraries\include\GL\glew.h(2060,9):
      see previous definition of 'GL_CLIP_DISTANCE0'
  
C:\Users\Joss\source\repos\RoboticArm_MathModelling\SimulatorOpenGL\Libraries\include\glad\glad.h(583,9): warning C4005: 'GL_CLIP_DISTANCE1': macro redefinition
  (compiling source file 'Source/UI/DebugPanel.cpp')
      C:\Users\Joss\source\repos\RoboticArm_MathModelling\SimulatorOpenGL\Libraries\include\GL\glew.h(2061,9):
      see previous definition of 'GL_CLIP_DISTANCE1'
  
C:\Users\Joss\source\repos\RoboticArm_MathModelling\SimulatorOpenGL\Libraries\include\glad\glad.h(584,9): warning C4005: 'GL_CLIP_DISTANCE2': macro redefinition
  (compiling source file 'Source/UI/DebugPanel.cpp')
      C:\Users\Joss\source\repos\RoboticArm_MathModelling\SimulatorOpenGL\Libraries\include\GL\glew.h(2062,9):
      see previous definition of 'GL_CLIP_DISTANCE2'
  
C:\Users\Joss\source\repos\RoboticArm_MathModelling\SimulatorOpenGL\Libraries\include\glad\glad.h(585,9): warning C4005: 'GL_CLIP_DISTANCE3': macro redefinition
  (compiling source file 'Source/UI/DebugPanel.cpp')
      C:\Users\Joss\source\repos\RoboticArm_MathModelling\SimulatorOpenGL\Libraries\include\GL\glew.h(2063,9):
      see previous definition of 'GL_CLIP_DISTANCE3'
  
C:\Users\Joss\source\repos\RoboticArm_MathModelling\SimulatorOpenGL\Libraries\include\glad\glad.h(586,9): warning C4005: 'GL_CLIP_DISTANCE4': macro redefinition
  (compiling source file 'Source/UI/DebugPanel.cpp')
      C:\Users\Joss\source\repos\RoboticArm_MathModelling\SimulatorOpenGL\Libraries\include\GL\glew.h(2064,9):
      see previous definition of 'GL_CLIP_DISTANCE4'
  
C:\Users\Joss\source\repos\RoboticArm_MathModelling\SimulatorOpenGL\Libraries\include\glad\glad.h(587,9): warning C4005: 'GL_CLIP_DISTANCE5': macro redefinition
  (compiling source file 'Source/UI/DebugPanel.cpp')
      C:\Users\Joss\source\repos\RoboticArm_MathModelling\SimulatorOpenGL\Libraries\include\GL\glew.h(2065,9):
      see previous definition of 'GL_CLIP_DISTANCE5'
  
C:\Users\Joss\source\repos\RoboticArm_MathModelling\SimulatorOpenGL\Libraries\include\glad\glad.h(590,9): warning C4005: 'GL_MAX_CLIP_DISTANCES': macro redefinition
  (compiling source file 'Source/UI/DebugPanel.cpp')
      C:\Users\Joss\source\repos\RoboticArm_MathModelling\SimulatorOpenGL\Libraries\include\GL\glew.h(2067,9):
      see previous definition of 'GL_MAX_CLIP_DISTANCES'
  
C:\Users\Joss\source\repos\RoboticArm_MathModelling\SimulatorOpenGL\Libraries\include\glad\glad.h(597,9): warning C4005: 'GL_CONTEXT_FLAG_FORWARD_COMPATIBLE_BIT': macro redefinition
  (compiling source file 'Source/UI/DebugPanel.cpp')
      C:\Users\Joss\source\repos\RoboticArm_MathModelling\SimulatorOpenGL\Libraries\include\GL\glew.h(2069,9):
      see previous definition of 'GL_CONTEXT_FLAG_FORWARD_COMPATIBLE_BIT'
  
C:\Users\Joss\source\repos\RoboticArm_MathModelling\SimulatorOpenGL\Libraries\include\glad\glad.h(608,9): warning C4005: 'GL_MAX_VARYING_COMPONENTS': macro redefinition
  (compiling source file 'Source/UI/DebugPanel.cpp')
      C:\Users\Joss\source\repos\RoboticArm_MathModelling\SimulatorOpenGL\Libraries\include\GL\glew.h(2068,9):
      see previous definition of 'GL_MAX_VARYING_COMPONENTS'
  
C:\Users\Joss\source\repos\RoboticArm_MathModelling\SimulatorOpenGL\Libraries\include\glad\glad.h(872,9): warning C4005: 'GL_INVALID_INDEX': macro redefinition
  (compiling source file 'Source/UI/DebugPanel.cpp')
      C:\Users\Joss\source\repos\RoboticArm_MathModelling\SimulatorOpenGL\Libraries\include\GL\glew.h(7734,9):
      see previous definition of 'GL_INVALID_INDEX'
  
C:\Users\Joss\source\repos\RoboticArm_MathModelling\SimulatorOpenGL\Libraries\include\glad\glad.h(914,9): warning C4005: 'GL_TIMEOUT_IGNORED': macro redefinition
  (compiling source file 'Source/UI/DebugPanel.cpp')
      C:\Users\Joss\source\repos\RoboticArm_MathModelling\SimulatorOpenGL\Libraries\include\GL\glew.h(6965,9):
      see previous definition of 'GL_TIMEOUT_IGNORED'
  
C:\Users\Joss\source\repos\RoboticArm_MathModelling\SimulatorOpenGL\Source\Elements\Camera.h(66,22): warning C4244: 'argument': conversion from 'double' to 'float', possible loss of data
  (compiling source file 'Source/UI/DebugPanel.cpp')
  
C:\Users\Joss\source\repos\RoboticArm_MathModelling\SimulatorOpenGL\Source\Elements\Mesh.h(43,21): warning C4305: 'initializing': truncation from 'double' to 'float'
  (compiling source file 'Source/UI/DebugPanel.cpp')
  
C:\Users\Joss\source\repos\RoboticArm_MathModelling\SimulatorOpenGL\Source\Elements\Object.h(26,56): warning C4244: '+=': conversion from 'double' to 'float', possible loss of data
  (compiling source file 'Source/UI/DebugPanel.cpp')
  
  SceneView.cpp
C:\Users\Joss\source\repos\RoboticArm_MathModelling\SimulatorOpenGL\Libraries\include\glad\glad.h(484,9): warning C4005: 'GL_SRC1_ALPHA': macro redefinition
  (compiling source file 'Source/UI/SceneView.cpp')
      C:\Users\Joss\source\repos\RoboticArm_MathModelling\SimulatorOpenGL\Libraries\include\GL\glew.h(1638,9):
      see previous definition of 'GL_SRC1_ALPHA'
  
C:\Users\Joss\source\repos\RoboticArm_MathModelling\SimulatorOpenGL\Libraries\include\glad\glad.h(485,9): warning C4005: 'GL_BLEND_EQUATION_RGB': macro redefinition
  (compiling source file 'Source/UI/SceneView.cpp')
      C:\Users\Joss\source\repos\RoboticArm_MathModelling\SimulatorOpenGL\Libraries\include\GL\glew.h(1731,9):
      see previous definition of 'GL_BLEND_EQUATION_RGB'
  
C:\Users\Joss\source\repos\RoboticArm_MathModelling\SimulatorOpenGL\Libraries\include\glad\glad.h(581,9): warning C4005: 'GL_COMPARE_REF_TO_TEXTURE': macro redefinition
  (compiling source file 'Source/UI/SceneView.cpp')
      C:\Users\Joss\source\repos\RoboticArm_MathModelling\SimulatorOpenGL\Libraries\include\GL\glew.h(2066,9):
      see previous definition of 'GL_COMPARE_REF_TO_TEXTURE'
  
C:\Users\Joss\source\repos\RoboticArm_MathModelling\SimulatorOpenGL\Libraries\include\glad\glad.h(582,9): warning C4005: 'GL_CLIP_DISTANCE0': macro redefinition
  (compiling source file 'Source/UI/SceneView.cpp')
      C:\Users\Joss\source\repos\RoboticArm_MathModelling\SimulatorOpenGL\Libraries\include\GL\glew.h(2060,9):
      see previous definition of 'GL_CLIP_DISTANCE0'
  
C:\Users\Joss\source\repos\RoboticArm_MathModelling\SimulatorOpenGL\Libraries\include\glad\glad.h(583,9): warning C4005: 'GL_CLIP_DISTANCE1': macro redefinition
  (compiling source file 'Source/UI/SceneView.cpp')
      C:\Users\Joss\source\repos\RoboticArm_MathModelling\SimulatorOpenGL\Libraries\include\GL\glew.h(2061,9):
      see previous definition of 'GL_CLIP_DISTANCE1'
  
C:\Users\Joss\source\repos\RoboticArm_MathModelling\SimulatorOpenGL\Libraries\include\glad\glad.h(584,9): warning C4005: 'GL_CLIP_DISTANCE2': macro redefinition
  (compiling source file 'Source/UI/SceneView.cpp')
      C:\Users\Joss\source\repos\RoboticArm_MathModelling\SimulatorOpenGL\Libraries\include\GL\glew.h(2062,9):
      see previous definition of 'GL_CLIP_DISTANCE2'
  
C:\Users\Joss\source\repos\RoboticArm_MathModelling\SimulatorOpenGL\Libraries\include\glad\glad.h(585,9): warning C4005: 'GL_CLIP_DISTANCE3': macro redefinition
  (compiling source file 'Source/UI/SceneView.cpp')
      C:\Users\Joss\source\repos\RoboticArm_MathModelling\SimulatorOpenGL\Libraries\include\GL\glew.h(2063,9):
      see previous definition of 'GL_CLIP_DISTANCE3'
  
C:\Users\Joss\source\repos\RoboticArm_MathModelling\SimulatorOpenGL\Libraries\include\glad\glad.h(586,9): warning C4005: 'GL_CLIP_DISTANCE4': macro redefinition
  (compiling source file 'Source/UI/SceneView.cpp')
      C:\Users\Joss\source\repos\RoboticArm_MathModelling\SimulatorOpenGL\Libraries\include\GL\glew.h(2064,9):
      see previous definition of 'GL_CLIP_DISTANCE4'
  
C:\Users\Joss\source\repos\RoboticArm_MathModelling\SimulatorOpenGL\Libraries\include\glad\glad.h(587,9): warning C4005: 'GL_CLIP_DISTANCE5': macro redefinition
  (compiling source file 'Source/UI/SceneView.cpp')
      C:\Users\Joss\source\repos\RoboticArm_MathModelling\SimulatorOpenGL\Libraries\include\GL\glew.h(2065,9):
      see previous definition of 'GL_CLIP_DISTANCE5'
  
C:\Users\Joss\source\repos\RoboticArm_MathModelling\SimulatorOpenGL\Libraries\include\glad\glad.h(590,9): warning C4005: 'GL_MAX_CLIP_DISTANCES': macro redefinition
  (compiling source file 'Source/UI/SceneView.cpp')
      C:\Users\Joss\source\repos\RoboticArm_MathModelling\SimulatorOpenGL\Libraries\include\GL\glew.h(2067,9):
      see previous definition of 'GL_MAX_CLIP_DISTANCES'
  
C:\Users\Joss\source\repos\RoboticArm_MathModelling\SimulatorOpenGL\Libraries\include\glad\glad.h(597,9): warning C4005: 'GL_CONTEXT_FLAG_FORWARD_COMPATIBLE_BIT': macro redefinition
  (compiling source file 'Source/UI/SceneView.cpp')
      C:\Users\Joss\source\repos\RoboticArm_MathModelling\SimulatorOpenGL\Libraries\include\GL\glew.h(2069,9):
      see previous definition of 'GL_CONTEXT_FLAG_FORWARD_COMPATIBLE_BIT'
  
C:\Users\Joss\source\repos\RoboticArm_MathModelling\SimulatorOpenGL\Libraries\include\glad\glad.h(608,9): warning C4005: 'GL_MAX_VARYING_COMPONENTS': macro redefinition
  (compiling source file 'Source/UI/SceneView.cpp')
      C:\Users\Joss\source\repos\RoboticArm_MathModelling\SimulatorOpenGL\Libraries\include\GL\glew.h(2068,9):
      see previous definition of 'GL_MAX_VARYING_COMPONENTS'
  
C:\Users\Joss\source\repos\RoboticArm_MathModelling\SimulatorOpenGL\Libraries\include\glad\glad.h(872,9): warning C4005: 'GL_INVALID_INDEX': macro redefinition
  (compiling source file 'Source/UI/SceneView.cpp')
      C:\Users\Joss\source\repos\RoboticArm_MathModelling\SimulatorOpenGL\Libraries\include\GL\glew.h(7734,9):
      see previous definition of 'GL_INVALID_INDEX'
  
C:\Users\Joss\source\repos\RoboticArm_MathModelling\SimulatorOpenGL\Libraries\include\glad\glad.h(914,9): warning C4005: 'GL_TIMEOUT_IGNORED': macro redefinition
  (compiling source file 'Source/UI/SceneView.cpp')
      C:\Users\Joss\source\repos\RoboticArm_MathModelling\SimulatorOpenGL\Libraries\include\GL\glew.h(6965,9):
      see previous definition of 'GL_TIMEOUT_IGNORED'
  
C:\Users\Joss\source\repos\RoboticArm_MathModelling\SimulatorOpenGL\Source\Elements\Camera.h(66,22): warning C4244: 'argument': conversion from 'double' to 'float', possible loss of data
  (compiling source file 'Source/UI/SceneView.cpp')
  
C:\Users\Joss\source\repos\RoboticArm_MathModelling\SimulatorOpenGL\Source\Elements\Mesh.h(43,21): warning C4305: 'initializing': truncation from 'double' to 'float'
  (compiling source file 'Source/UI/SceneView.cpp')
  
C:\Users\Joss\source\repos\RoboticArm_MathModelling\SimulatorOpenGL\Source\Elements\Object.h(26,56): warning C4244: '+=': conversion from 'double' to 'float', possible loss of data
  (compiling source file 'Source/UI/SceneView.cpp')
  
C:\Users\Joss\source\repos\RoboticArm_MathModelling\SimulatorOpenGL\Source\UI\SceneView.cpp(65,13): warning C4244: '=': conversion from 'int32_t' to 'T', possible loss of data
C:\Users\Joss\source\repos\RoboticArm_MathModelling\SimulatorOpenGL\Source\UI\SceneView.cpp(65,13): warning C4244:         with
C:\Users\Joss\source\repos\RoboticArm_MathModelling\SimulatorOpenGL\Source\UI\SceneView.cpp(65,13): warning C4244:         [
C:\Users\Joss\source\repos\RoboticArm_MathModelling\SimulatorOpenGL\Source\UI\SceneView.cpp(65,13): warning C4244:             T=float
C:\Users\Joss\source\repos\RoboticArm_MathModelling\SimulatorOpenGL\Source\UI\SceneView.cpp(65,13): warning C4244:         ]
C:\Users\Joss\source\repos\RoboticArm_MathModelling\SimulatorOpenGL\Source\UI\SceneView.cpp(66,13): warning C4244: '=': conversion from 'int32_t' to 'T', possible loss of data
C:\Users\Joss\source\repos\RoboticArm_MathModelling\SimulatorOpenGL\Source\UI\SceneView.cpp(66,13): warning C4244:         with
C:\Users\Joss\source\repos\RoboticArm_MathModelling\SimulatorOpenGL\Source\UI\SceneView.cpp(66,13): warning C4244:         [
C:\Users\Joss\source\repos\RoboticArm_MathModelling\SimulatorOpenGL\Source\UI\SceneView.cpp(66,13): warning C4244:             T=float
C:\Users\Joss\source\repos\RoboticArm_MathModelling\SimulatorOpenGL\Source\UI\SceneView.cpp(66,13): warning C4244:         ]
  Compiling...
  SimulationPanels.cpp
  Styles.cpp
C:\Users\Joss\source\repos\RoboticArm_MathModelling\SimulatorOpenGL\Libraries\include\glad\glad.h(484,9): warning C4005: 'GL_SRC1_ALPHA': macro redefinition
  (compiling source file 'Source/UI/Styles.cpp')
      C:\Users\Joss\source\repos\RoboticArm_MathModelling\SimulatorOpenGL\Libraries\include\GL\glew.h(1638,9):
      see previous definition of 'GL_SRC1_ALPHA'
  
C:\Users\Joss\source\repos\RoboticArm_MathModelling\SimulatorOpenGL\Libraries\include\glad\glad.h(485,9): warning C4005: 'GL_BLEND_EQUATION_RGB': macro redefinition
  (compiling source file 'Source/UI/Styles.cpp')
      C:\Users\Joss\source\repos\RoboticArm_MathModelling\SimulatorOpenGL\Libraries\include\GL\glew.h(1731,9):
      see previous definition of 'GL_BLEND_EQUATION_RGB'
  
C:\Users\Joss\source\repos\RoboticArm_MathModelling\SimulatorOpenGL\Libraries\include\glad\glad.h(581,9): warning C4005: 'GL_COMPARE_REF_TO_TEXTURE': macro redefinition
  (compiling source file 'Source/UI/Styles.cpp')
      C:\Users\Joss\source\repos\RoboticArm_MathModelling\SimulatorOpenGL\Libraries\include\GL\glew.h(2066,9):
      see previous definition of 'GL_COMPARE_REF_TO_TEXTURE'
  
C:\Users\Joss\source\repos\RoboticArm_MathModelling\SimulatorOpenGL\Libraries\include\glad\glad.h(582,9): warning C4005: 'GL_CLIP_DISTANCE0': macro redefinition
  (compiling source file 'Source/UI/Styles.cpp')
      C:\Users\Joss\source\repos\RoboticArm_MathModelling\SimulatorOpenGL\Libraries\include\GL\glew.h(2060,9):
      see previous definition of 'GL_CLIP_DISTANCE0'
  
C:\Users\Joss\source\repos\RoboticArm_MathModelling\SimulatorOpenGL\Libraries\include\glad\glad.h(583,9): warning C4005: 'GL_CLIP_DISTANCE1': macro redefinition
  (compiling source file 'Source/UI/Styles.cpp')
      C:\Users\Joss\source\repos\RoboticArm_MathModelling\SimulatorOpenGL\Libraries\include\GL\glew.h(2061,9):
      see previous definition of 'GL_CLIP_DISTANCE1'
  
C:\Users\Joss\source\repos\RoboticArm_MathModelling\SimulatorOpenGL\Libraries\include\glad\glad.h(584,9): warning C4005: 'GL_CLIP_DISTANCE2': macro redefinition
  (compiling source file 'Source/UI/Styles.cpp')
      C:\Users\Joss\source\repos\RoboticArm_MathModelling\SimulatorOpenGL\Libraries\include\GL\glew.h(2062,9):
      see previous definition of 'GL_CLIP_DISTANCE2'
  
C:\Users\Joss\source\repos\RoboticArm_MathModelling\SimulatorOpenGL\Libraries\include\glad\glad.h(585,9): warning C4005: 'GL_CLIP_DISTANCE3': macro redefinition
  (compiling source file 'Source/UI/Styles.cpp')
      C:\Users\Joss\source\repos\RoboticArm_MathModelling\SimulatorOpenGL\Libraries\include\GL\glew.h(2063,9):
      see previous definition of 'GL_CLIP_DISTANCE3'
  
C:\Users\Joss\source\repos\RoboticArm_MathModelling\SimulatorOpenGL\Libraries\include\glad\glad.h(586,9): warning C4005: 'GL_CLIP_DISTANCE4': macro redefinition
  (compiling source file 'Source/UI/Styles.cpp')
      C:\Users\Joss\source\repos\RoboticArm_MathModelling\SimulatorOpenGL\Libraries\include\GL\glew.h(2064,9):
      see previous definition of 'GL_CLIP_DISTANCE4'
  
C:\Users\Joss\source\repos\RoboticArm_MathModelling\SimulatorOpenGL\Libraries\include\glad\glad.h(587,9): warning C4005: 'GL_CLIP_DISTANCE5': macro redefinition
  (compiling source file 'Source/UI/Styles.cpp')
      C:\Users\Joss\source\repos\RoboticArm_MathModelling\SimulatorOpenGL\Libraries\include\GL\glew.h(2065,9):
      see previous definition of 'GL_CLIP_DISTANCE5'
  
C:\Users\Joss\source\repos\RoboticArm_MathModelling\SimulatorOpenGL\Libraries\include\glad\glad.h(590,9): warning C4005: 'GL_MAX_CLIP_DISTANCES': macro redefinition
  (compiling source file 'Source/UI/Styles.cpp')
      C:\Users\Joss\source\repos\RoboticArm_MathModelling\SimulatorOpenGL\Libraries\include\GL\glew.h(2067,9):
      see previous definition of 'GL_MAX_CLIP_DISTANCES'
  
C:\Users\Joss\source\repos\RoboticArm_MathModelling\SimulatorOpenGL\Libraries\include\glad\glad.h(597,9): warning C4005: 'GL_CONTEXT_FLAG_FORWARD_COMPATIBLE_BIT': macro redefinition
  (compiling source file 'Source/UI/Styles.cpp')
      C:\Users\Joss\source\repos\RoboticArm_MathModelling\SimulatorOpenGL\Libraries\include\GL\glew.h(2069,9):
      see previous definition of 'GL_CONTEXT_FLAG_FORWARD_COMPATIBLE_BIT'
  
C:\Users\Joss\source\repos\RoboticArm_MathModelling\SimulatorOpenGL\Libraries\include\glad\glad.h(608,9): warning C4005: 'GL_MAX_VARYING_COMPONENTS': macro redefinition
  (compiling source file 'Source/UI/Styles.cpp')
      C:\Users\Joss\source\repos\RoboticArm_MathModelling\SimulatorOpenGL\Libraries\include\GL\glew.h(2068,9):
      see previous definition of 'GL_MAX_VARYING_COMPONENTS'
  
C:\Users\Joss\source\repos\RoboticArm_MathModelling\SimulatorOpenGL\Libraries\include\glad\glad.h(872,9): warning C4005: 'GL_INVALID_INDEX': macro redefinition
  (compiling source file 'Source/UI/Styles.cpp')
      C:\Users\Joss\source\repos\RoboticArm_MathModelling\SimulatorOpenGL\Libraries\include\GL\glew.h(7734,9):
      see previous definition of 'GL_INVALID_INDEX'
  
C:\Users\Joss\source\repos\RoboticArm_MathModelling\SimulatorOpenGL\Libraries\include\glad\glad.h(914,9): warning C4005: 'GL_TIMEOUT_IGNORED': macro redefinition
  (compiling source file 'Source/UI/Styles.cpp')
      C:\Users\Joss\source\repos\RoboticArm_MathModelling\SimulatorOpenGL\Libraries\include\GL\glew.h(6965,9):
      see previous definition of 'GL_TIMEOUT_IGNORED'
  
  TitleBarPanel.cpp
  GUIManager.cpp
  WindowManager.cpp
C:\Users\Joss\source\repos\RoboticArm_MathModelling\SimulatorOpenGL\Libraries\include\glad\glad.h(484,9): warning C4005: 'GL_SRC1_ALPHA': macro redefinition
  (compiling source file 'Source/Window/WindowManager.cpp')
      C:\Users\Joss\source\repos\RoboticArm_MathModelling\SimulatorOpenGL\Libraries\include\GL\glew.h(1638,9):
      see previous definition of 'GL_SRC1_ALPHA'
  
C:\Users\Joss\source\repos\RoboticArm_MathModelling\SimulatorOpenGL\Libraries\include\glad\glad.h(485,9): warning C4005: 'GL_BLEND_EQUATION_RGB': macro redefinition
  (compiling source file 'Source/Window/WindowManager.cpp')
      C:\Users\Joss\source\repos\RoboticArm_MathModelling\SimulatorOpenGL\Libraries\include\GL\glew.h(1731,9):
      see previous definition of 'GL_BLEND_EQUATION_RGB'
  
C:\Users\Joss\source\repos\RoboticArm_MathModelling\SimulatorOpenGL\Libraries\include\glad\glad.h(581,9): warning C4005: 'GL_COMPARE_REF_TO_TEXTURE': macro redefinition
  (compiling source file 'Source/Window/WindowManager.cpp')
      C:\Users\Joss\source\repos\RoboticArm_MathModelling\SimulatorOpenGL\Libraries\include\GL\glew.h(2066,9):
      see previous definition of 'GL_COMPARE_REF_TO_TEXTURE'
  
C:\Users\Joss\source\repos\RoboticArm_MathModelling\SimulatorOpenGL\Libraries\include\glad\glad.h(582,9): warning C4005: 'GL_CLIP_DISTANCE0': macro redefinition
  (compiling source file 'Source/Window/WindowManager.cpp')
      C:\Users\Joss\source\repos\RoboticArm_MathModelling\SimulatorOpenGL\Libraries\include\GL\glew.h(2060,9):
      see previous definition of 'GL_CLIP_DISTANCE0'
  
C:\Users\Joss\source\repos\RoboticArm_MathModelling\SimulatorOpenGL\Libraries\include\glad\glad.h(583,9): warning C4005: 'GL_CLIP_DISTANCE1': macro redefinition
  (compiling source file 'Source/Window/WindowManager.cpp')
      C:\Users\Joss\source\repos\RoboticArm_MathModelling\SimulatorOpenGL\Libraries\include\GL\glew.h(2061,9):
      see previous definition of 'GL_CLIP_DISTANCE1'
  
C:\Users\Joss\source\repos\RoboticArm_MathModelling\SimulatorOpenGL\Libraries\include\glad\glad.h(584,9): warning C4005: 'GL_CLIP_DISTANCE2': macro redefinition
  (compiling source file 'Source/Window/WindowManager.cpp')
      C:\Users\Joss\source\repos\RoboticArm_MathModelling\SimulatorOpenGL\Libraries\include\GL\glew.h(2062,9):
      see previous definition of 'GL_CLIP_DISTANCE2'
  
C:\Users\Joss\source\repos\RoboticArm_MathModelling\SimulatorOpenGL\Libraries\include\glad\glad.h(585,9): warning C4005: 'GL_CLIP_DISTANCE3': macro redefinition
  (compiling source file 'Source/Window/WindowManager.cpp')
      C:\Users\Joss\source\repos\RoboticArm_MathModelling\SimulatorOpenGL\Libraries\include\GL\glew.h(2063,9):
      see previous definition of 'GL_CLIP_DISTANCE3'
  
C:\Users\Joss\source\repos\RoboticArm_MathModelling\SimulatorOpenGL\Libraries\include\glad\glad.h(586,9): warning C4005: 'GL_CLIP_DISTANCE4': macro redefinition
  (compiling source file 'Source/Window/WindowManager.cpp')
      C:\Users\Joss\source\repos\RoboticArm_MathModelling\SimulatorOpenGL\Libraries\include\GL\glew.h(2064,9):
      see previous definition of 'GL_CLIP_DISTANCE4'
  
C:\Users\Joss\source\repos\RoboticArm_MathModelling\SimulatorOpenGL\Libraries\include\glad\glad.h(587,9): warning C4005: 'GL_CLIP_DISTANCE5': macro redefinition
  (compiling source file 'Source/Window/WindowManager.cpp')
      C:\Users\Joss\source\repos\RoboticArm_MathModelling\SimulatorOpenGL\Libraries\include\GL\glew.h(2065,9):
      see previous definition of 'GL_CLIP_DISTANCE5'
  
C:\Users\Joss\source\repos\RoboticArm_MathModelling\SimulatorOpenGL\Libraries\include\glad\glad.h(590,9): warning C4005: 'GL_MAX_CLIP_DISTANCES': macro redefinition
  (compiling source file 'Source/Window/WindowManager.cpp')
      C:\Users\Joss\source\repos\RoboticArm_MathModelling\SimulatorOpenGL\Libraries\include\GL\glew.h(2067,9):
      see previous definition of 'GL_MAX_CLIP_DISTANCES'
  
C:\Users\Joss\source\repos\RoboticArm_MathModelling\SimulatorOpenGL\Libraries\include\glad\glad.h(597,9): warning C4005: 'GL_CONTEXT_FLAG_FORWARD_COMPATIBLE_BIT': macro redefinition
  (compiling source file 'Source/Window/WindowManager.cpp')
      C:\Users\Joss\source\repos\RoboticArm_MathModelling\SimulatorOpenGL\Libraries\include\GL\glew.h(2069,9):
      see previous definition of 'GL_CONTEXT_FLAG_FORWARD_COMPATIBLE_BIT'
  
C:\Users\Joss\source\repos\RoboticArm_MathModelling\SimulatorOpenGL\Libraries\include\glad\glad.h(608,9): warning C4005: 'GL_MAX_VARYING_COMPONENTS': macro redefinition
  (compiling source file 'Source/Window/WindowManager.cpp')
      C:\Users\Joss\source\repos\RoboticArm_MathModelling\SimulatorOpenGL\Libraries\include\GL\glew.h(2068,9):
      see previous definition of 'GL_MAX_VARYING_COMPONENTS'
  
C:\Users\Joss\source\repos\RoboticArm_MathModelling\SimulatorOpenGL\Libraries\include\glad\glad.h(872,9): warning C4005: 'GL_INVALID_INDEX': macro redefinition
  (compiling source file 'Source/Window/WindowManager.cpp')
      C:\Users\Joss\source\repos\RoboticArm_MathModelling\SimulatorOpenGL\Libraries\include\GL\glew.h(7734,9):
      see previous definition of 'GL_INVALID_INDEX'
  
C:\Users\Joss\source\repos\RoboticArm_MathModelling\SimulatorOpenGL\Libraries\include\glad\glad.h(914,9): warning C4005: 'GL_TIMEOUT_IGNORED': macro redefinition
  (compiling source file 'Source/Window/WindowManager.cpp')
      C:\Users\Joss\source\repos\RoboticArm_MathModelling\SimulatorOpenGL\Libraries\include\GL\glew.h(6965,9):
      see previous definition of 'GL_TIMEOUT_IGNORED'
  
C:\Users\Joss\source\repos\RoboticArm_MathModelling\SimulatorOpenGL\Source\Elements\Camera.h(66,22): warning C4244: 'argument': conversion from 'double' to 'float', possible loss of data
  (compiling source file 'Source/Window/WindowManager.cpp')
  
C:\Users\Joss\source\repos\RoboticArm_MathModelling\SimulatorOpenGL\Source\Elements\Mesh.h(43,21): warning C4305: 'initializing': truncation from 'double' to 'float'
  (compiling source file 'Source/Window/WindowManager.cpp')
  
C:\Users\Joss\source\repos\RoboticArm_MathModelling\SimulatorOpenGL\Source\Elements\Object.h(26,56): warning C4244: '+=': conversion from 'double' to 'float', possible loss of data
  (compiling source file 'Source/Window/WindowManager.cpp')
  
  glad.c
LINK : warning LNK4098: defaultlib 'MSVCRTD' conflicts with use of other libs; use /NODEFAULTLIB:library
glfw3.lib(osmesa_context.obj) : error LNK2001: unresolved external symbol __imp__wassert
glfw3.lib(monitor.obj) : error LNK2001: unresolved external symbol __imp__wassert
glfw3.lib(win32_thread.obj) : error LNK2001: unresolved external symbol __imp__wassert
glfw3.lib(wgl_context.obj) : error LNK2001: unresolved external symbol __imp__wassert
glfw3.lib(egl_context.obj) : error LNK2001: unresolved external symbol __imp__wassert
glfw3.lib(context.obj) : error LNK2001: unresolved external symbol __imp__wassert
glfw3.lib(input.obj) : error LNK2001: unresolved external symbol __imp__wassert
glfw3.lib(window.obj) : error LNK2001: unresolved external symbol __imp__wassert
glfw3.lib(vulkan.obj) : error LNK2001: unresolved external symbol __imp__wassert
glfw3.lib(input.obj) : error LNK2001: unresolved external symbol __imp_strspn
glfw3.lib(input.obj) : error LNK2001: unresolved external symbol __imp_fmaxf
glfw3.lib(input.obj) : error LNK2001: unresolved external symbol __imp_fminf
glfw3.lib(monitor.obj) : error LNK2001: unresolved external symbol __imp_fminf
glfw3.lib(null_monitor.obj) : error LNK2001: unresolved external symbol __imp_fminf
glfw3.lib(monitor.obj) : error LNK2001: unresolved external symbol __imp_powf
glfw3.lib(null_monitor.obj) : error LNK2001: unresolved external symbol __imp_powf
glfw3.lib(init.obj) : error LNK2001: unresolved external symbol __imp_strtok
glfw3.lib(win32_monitor.obj) : error LNK2001: unresolved external symbol __imp_wcscpy
C:\Users\Joss\source\repos\RoboticArm_MathModelling\SimulatorOpenGL\x64\Release\SimulatorOpenGL.exe : fatal error LNK1120: 7 unresolved externals
