c:\users\joss\source\repos\roboticarm_mathmodelling\simulatoropengl\simulatoropengl\x64\debug\vc143.pdb
c:\users\joss\source\repos\roboticarm_mathmodelling\simulatoropengl\simulatoropengl\x64\debug\vc143.idb
c:\users\joss\source\repos\roboticarm_mathmodelling\simulatoropengl\simulatoropengl\x64\debug\sceneview.obj
c:\users\joss\source\repos\roboticarm_mathmodelling\simulatoropengl\simulatoropengl\x64\debug\debugpanel.obj
c:\users\joss\source\repos\roboticarm_mathmodelling\simulatoropengl\simulatoropengl\x64\debug\controlpanel.obj
c:\users\joss\source\repos\roboticarm_mathmodelling\simulatoropengl\simulatoropengl\x64\debug\shaderutil.obj
c:\users\joss\source\repos\roboticarm_mathmodelling\simulatoropengl\simulatoropengl\x64\debug\shaderclass.obj
c:\users\joss\source\repos\roboticarm_mathmodelling\simulatoropengl\simulatoropengl\x64\debug\simulationmanager.obj
c:\users\joss\source\repos\roboticarm_mathmodelling\simulatoropengl\simulatoropengl\x64\debug\openglcontext.obj
c:\users\joss\source\repos\roboticarm_mathmodelling\simulatoropengl\simulatoropengl\x64\debug\openglbuffermanager.obj
c:\users\joss\source\repos\roboticarm_mathmodelling\simulatoropengl\simulatoropengl\x64\debug\guicontext.obj
c:\users\joss\source\repos\roboticarm_mathmodelling\simulatoropengl\simulatoropengl\x64\debug\main.obj
c:\users\joss\source\repos\roboticarm_mathmodelling\simulatoropengl\simulatoropengl\x64\debug\importobj.obj
c:\users\joss\source\repos\roboticarm_mathmodelling\simulatoropengl\simulatoropengl\x64\debug\mesh.obj
c:\users\joss\source\repos\roboticarm_mathmodelling\simulatoropengl\simulatoropengl\x64\debug\application.obj
c:\users\joss\source\repos\roboticarm_mathmodelling\simulatoropengl\simulatoropengl\x64\debug\imgui_widgets.obj
c:\users\joss\source\repos\roboticarm_mathmodelling\simulatoropengl\simulatoropengl\x64\debug\imgui_tables.obj
c:\users\joss\source\repos\roboticarm_mathmodelling\simulatoropengl\simulatoropengl\x64\debug\imgui_impl_opengl3.obj
c:\users\joss\source\repos\roboticarm_mathmodelling\simulatoropengl\simulatoropengl\x64\debug\imgui_impl_glfw.obj
c:\users\joss\source\repos\roboticarm_mathmodelling\simulatoropengl\simulatoropengl\x64\debug\imgui_draw.obj
c:\users\joss\source\repos\roboticarm_mathmodelling\simulatoropengl\simulatoropengl\x64\debug\imgui_demo.obj
c:\users\joss\source\repos\roboticarm_mathmodelling\simulatoropengl\simulatoropengl\x64\debug\imgui.obj
c:\users\joss\source\repos\roboticarm_mathmodelling\simulatoropengl\simulatoropengl\x64\debug\windowmanager.obj
c:\users\joss\source\repos\roboticarm_mathmodelling\simulatoropengl\simulatoropengl\x64\debug\guimanager.obj
c:\users\joss\source\repos\roboticarm_mathmodelling\simulatoropengl\simulatoropengl\x64\debug\titlebarpanel.obj
c:\users\joss\source\repos\roboticarm_mathmodelling\simulatoropengl\simulatoropengl\x64\debug\styles.obj
c:\users\joss\source\repos\roboticarm_mathmodelling\simulatoropengl\simulatoropengl\x64\debug\simulationpanels.obj
c:\users\joss\source\repos\roboticarm_mathmodelling\simulatoropengl\simulatoropengl\x64\debug\glad.obj
c:\users\joss\source\repos\roboticarm_mathmodelling\simulatoropengl\x64\debug\simulatoropengl.exe
c:\users\joss\source\repos\roboticarm_mathmodelling\simulatoropengl\x64\debug\simulatoropengl.pdb
c:\users\joss\source\repos\roboticarm_mathmodelling\simulatoropengl\simulatoropengl\x64\debug\simulatoropengl.ilk
c:\users\joss\source\repos\roboticarm_mathmodelling\simulatoropengl\simulatoropengl\x64\debug\simulatoropengl.tlog\cl.command.1.tlog
c:\users\joss\source\repos\roboticarm_mathmodelling\simulatoropengl\simulatoropengl\x64\debug\simulatoropengl.tlog\cl.items.tlog
c:\users\joss\source\repos\roboticarm_mathmodelling\simulatoropengl\simulatoropengl\x64\debug\simulatoropengl.tlog\cl.read.1.tlog
c:\users\joss\source\repos\roboticarm_mathmodelling\simulatoropengl\simulatoropengl\x64\debug\simulatoropengl.tlog\cl.write.1.tlog
c:\users\joss\source\repos\roboticarm_mathmodelling\simulatoropengl\simulatoropengl\x64\debug\simulatoropengl.tlog\link.command.1.tlog
c:\users\joss\source\repos\roboticarm_mathmodelling\simulatoropengl\simulatoropengl\x64\debug\simulatoropengl.tlog\link.read.1.tlog
c:\users\joss\source\repos\roboticarm_mathmodelling\simulatoropengl\simulatoropengl\x64\debug\simulatoropengl.tlog\link.secondary.1.tlog
c:\users\joss\source\repos\roboticarm_mathmodelling\simulatoropengl\simulatoropengl\x64\debug\simulatoropengl.tlog\link.write.1.tlog
